 System.Data.SQLite

 Timestamp is 58106977 (Wed Oct 26 11:29:43 2016)

 Preferred load address is 10000000

 Start         Length     Name                   Class
 0001:00000000 00000110H .text                   CODE
 0001:00000110 000c9d5aH .text$mn                CODE
 0002:00000000 0000024cH .idata$5                DATA
 0002:0000024c 00000004H .00cfg                  DATA
 0002:00000250 00000004H .CRT$XCA                DATA
 0002:00000254 00000004H .CRT$XCZ                DATA
 0002:00000258 00000004H .CRT$XIA                DATA
 0002:0000025c 00000004H .CRT$XIZ                DATA
 0002:00000260 00000004H .CRT$XPA                DATA
 0002:00000264 00000004H .CRT$XPZ                DATA
 0002:00000268 00000004H .CRT$XTA                DATA
 0002:0000026c 00000004H .CRT$XTZ                DATA
 0002:00000270 0003f530H .rdata                  DATA
 0002:0003f7a0 00000004H .rdata$sxdata           DATA
 0002:0003f7a4 00000304H .rdata$zzzdbg           DATA
 0002:0003faa8 00000004H .rtc$IAA                DATA
 0002:0003faac 00000004H .rtc$IZZ                DATA
 0002:0003fab0 00000004H .rtc$TAA                DATA
 0002:0003fab4 00000004H .rtc$TZZ                DATA
 0002:0003fab8 00000088H .xdata$x                DATA
 0002:0003fb40 00002768H .edata                  DATA
 0002:000422a8 000000c8H .idata$2                DATA
 0002:00042370 00000014H .idata$3                DATA
 0002:00042384 0000024cH .idata$4                DATA
 0002:000425d0 00000a8aH .idata$6                DATA
 0003:00000000 00001150H .data                   DATA
 0003:00001150 0000223cH .bss                    DATA
 0004:00000000 00000014H .gfids$y                DATA
 0005:00000000 00000370H CONST                   DATA
 0006:00000000 00000060H .rsrc$01                DATA
 0006:00000060 000005c0H .rsrc$02                DATA

  Address         Publics by Value              Rva+Base       Lib:Object

 0000:00000000       ___guard_iat_table         00000000     <absolute>
 0000:00000000       ___guard_fids_table        00000000     <absolute>
 0000:00000000       ___guard_longjmp_count     00000000     <absolute>
 0000:00000000       ___guard_longjmp_table     00000000     <absolute>
 0000:00000000       ___dynamic_value_reloc_table 00000000     <absolute>
 0000:00000000       ___guard_fids_count        00000000     <absolute>
 0000:00000000       ___guard_iat_count         00000000     <absolute>
 0000:00000001       ___safe_se_handler_count   00000001     <absolute>
 0000:00000100       ___guard_flags             00000100     <absolute>
 0000:00000000       ___ImageBase               10000000     <linker-defined>
 0001:00000110       _AreFileApisANSI@0         10001110 f   kernel32:KERNEL32.dll
 0001:00000116       _ReadFile@20               10001116 f   kernel32:KERNEL32.dll
 0001:0000011c       _HeapCreate@12             1000111c f   kernel32:KERNEL32.dll
 0001:00000122       _HeapFree@12               10001122 f   kernel32:KERNEL32.dll
 0001:00000128       _GetFullPathNameW@16       10001128 f   kernel32:KERNEL32.dll
 0001:0000012e       _WriteFile@20              1000112e f   kernel32:KERNEL32.dll
 0001:00000134       _GetDiskFreeSpaceW@20      10001134 f   kernel32:KERNEL32.dll
 0001:0000013a       _OutputDebugStringA@4      1000113a f   kernel32:KERNEL32.dll
 0001:00000140       _LockFile@20               10001140 f   kernel32:KERNEL32.dll
 0001:00000146       _SetFilePointer@16         10001146 f   kernel32:KERNEL32.dll
 0001:0000014c       _GetFullPathNameA@16       1000114c f   kernel32:KERNEL32.dll
 0001:00000152       _SetEndOfFile@4            10001152 f   kernel32:KERNEL32.dll
 0001:00000158       _UnlockFileEx@20           10001158 f   kernel32:KERNEL32.dll
 0001:0000015e       _GetTempPathW@8            1000115e f   kernel32:KERNEL32.dll
 0001:00000164       _CreateMutexW@12           10001164 f   kernel32:KERNEL32.dll
 0001:0000016a       _WaitForSingleObject@8     1000116a f   kernel32:KERNEL32.dll
 0001:00000170       _CreateFileW@28            10001170 f   kernel32:KERNEL32.dll
 0001:00000176       _GetFileAttributesW@4      10001176 f   kernel32:KERNEL32.dll
 0001:0000017c       _UnmapViewOfFile@4         1000117c f   kernel32:KERNEL32.dll
 0001:00000182       _HeapValidate@12           10001182 f   kernel32:KERNEL32.dll
 0001:00000188       _HeapSize@12               10001188 f   kernel32:KERNEL32.dll
 0001:0000018e       _MultiByteToWideChar@24    1000118e f   kernel32:KERNEL32.dll
 0001:00000194       _Sleep@4                   10001194 f   kernel32:KERNEL32.dll
 0001:0000019a       _GetTempPathA@8            1000119a f   kernel32:KERNEL32.dll
 0001:000001a0       _FormatMessageW@28         100011a0 f   kernel32:KERNEL32.dll
 0001:000001a6       _GetDiskFreeSpaceA@20      100011a6 f   kernel32:KERNEL32.dll
 0001:000001ac       _GetLastError@0            100011ac f   kernel32:KERNEL32.dll
 0001:000001b2       _GetFileAttributesA@4      100011b2 f   kernel32:KERNEL32.dll
 0001:000001b8       _GetFileAttributesExW@12   100011b8 f   kernel32:KERNEL32.dll
 0001:000001be       _OutputDebugStringW@4      100011be f   kernel32:KERNEL32.dll
 0001:000001c4       _FlushViewOfFile@8         100011c4 f   kernel32:KERNEL32.dll
 0001:000001ca       _CreateFileA@28            100011ca f   kernel32:KERNEL32.dll
 0001:000001d0       _LoadLibraryA@4            100011d0 f   kernel32:KERNEL32.dll
 0001:000001d6       _WaitForSingleObjectEx@12  100011d6 f   kernel32:KERNEL32.dll
 0001:000001dc       _DeleteFileA@4             100011dc f   kernel32:KERNEL32.dll
 0001:000001e2       _DeleteFileW@4             100011e2 f   kernel32:KERNEL32.dll
 0001:000001e8       _HeapReAlloc@16            100011e8 f   kernel32:KERNEL32.dll
 0001:000001ee       _CloseHandle@4             100011ee f   kernel32:KERNEL32.dll
 0001:000001f4       _GetSystemInfo@4           100011f4 f   kernel32:KERNEL32.dll
 0001:000001fa       _LoadLibraryW@4            100011fa f   kernel32:KERNEL32.dll
 0001:00000200       _HeapAlloc@12              10001200 f   kernel32:KERNEL32.dll
 0001:00000206       _HeapCompact@8             10001206 f   kernel32:KERNEL32.dll
 0001:0000020c       _HeapDestroy@4             1000120c f   kernel32:KERNEL32.dll
 0001:00000212       _UnlockFile@20             10001212 f   kernel32:KERNEL32.dll
 0001:00000218       _GetProcAddress@8          10001218 f   kernel32:KERNEL32.dll
 0001:0000021e       _CreateFileMappingA@24     1000121e f   kernel32:KERNEL32.dll
 0001:00000224       _LocalFree@4               10001224 f   kernel32:KERNEL32.dll
 0001:0000022a       _LockFileEx@24             1000122a f   kernel32:KERNEL32.dll
 0001:00000230       _GetFileSize@8             10001230 f   kernel32:KERNEL32.dll
 0001:00000236       _GetCurrentProcessId@0     10001236 f   kernel32:KERNEL32.dll
 0001:0000023c       _GetProcessHeap@0          1000123c f   kernel32:KERNEL32.dll
 0001:00000242       _SystemTimeToFileTime@8    10001242 f   kernel32:KERNEL32.dll
 0001:00000248       _FreeLibrary@4             10001248 f   kernel32:KERNEL32.dll
 0001:0000024e       _WideCharToMultiByte@32    1000124e f   kernel32:KERNEL32.dll
 0001:00000254       _GetSystemTimeAsFileTime@4 10001254 f   kernel32:KERNEL32.dll
 0001:0000025a       _GetSystemTime@4           1000125a f   kernel32:KERNEL32.dll
 0001:00000260       _FormatMessageA@28         10001260 f   kernel32:KERNEL32.dll
 0001:00000266       _CreateFileMappingW@24     10001266 f   kernel32:KERNEL32.dll
 0001:0000026c       _MapViewOfFile@20          1000126c f   kernel32:KERNEL32.dll
 0001:00000272       _QueryPerformanceCounter@4 10001272 f   kernel32:KERNEL32.dll
 0001:00000278       _GetTickCount@0            10001278 f   kernel32:KERNEL32.dll
 0001:0000027e       _FlushFileBuffers@4        1000127e f   kernel32:KERNEL32.dll
 0001:00000284       @__security_check_cookie@4 10001284 f   MSVCRT:_secchk_.obj
 0001:00000295       ___raise_securityfailure   10001295 f   MSVCRT:gs_report.obj
 0001:000002bd       ___report_gsfailure        100012bd f   MSVCRT:gs_report.obj
 0001:000003b8       ___report_rangecheckfailure 100013b8 f   MSVCRT:gs_report.obj
 0001:000003c4       ___report_securityfailure  100013c4 f   MSVCRT:gs_report.obj
 0001:0000079c       __DllMainCRTStartup@12     1000179c f   MSVCRT:dll_dllmain.obj
 0001:00000803       ___scrt_acquire_startup_lock 10001803 f   MSVCRT:utility.obj
 0001:00000838       ___scrt_dllmain_after_initialize_c 10001838 f   MSVCRT:utility.obj
 0001:00000863       ___scrt_dllmain_before_initialize_c 10001863 f   MSVCRT:utility.obj
 0001:00000871       ___scrt_dllmain_crt_thread_attach 10001871 f   MSVCRT:utility.obj
 0001:00000890       ___scrt_dllmain_crt_thread_detach 10001890 f   MSVCRT:utility.obj
 0001:0000089d       ___scrt_dllmain_exception_filter 1000189d f   MSVCRT:utility.obj
 0001:000008d0       ___scrt_dllmain_uninitialize_c 100018d0 f   MSVCRT:utility.obj
 0001:000008f3       ___scrt_dllmain_uninitialize_critical 100018f3 f   MSVCRT:utility.obj
 0001:00000900       ___scrt_initialize_crt     10001900 f   MSVCRT:utility.obj
 0001:00000939       ___scrt_initialize_onexit_tables 10001939 f   MSVCRT:utility.obj
 0001:000009d0       ___scrt_is_nonwritable_in_current_image 100019d0 f   MSVCRT:utility.obj
 0001:00000a5a       ___scrt_release_startup_lock 10001a5a f   MSVCRT:utility.obj
 0001:00000a77       ___scrt_uninitialize_crt   10001a77 f   MSVCRT:utility.obj
 0001:00000a9f       __onexit                   10001a9f f   MSVCRT:utility.obj
 0001:00000ada       _atexit                    10001ada f   MSVCRT:utility.obj
 0001:00000aef       ___security_init_cookie    10001aef f   MSVCRT:gs_support.obj
 0001:00000b8b       _DllMain@12                10001b8b f   MSVCRT:dll_dllmain_stub.obj
 0001:00000bad       ?__scrt_initialize_type_info@@YAXXZ 10001bad f   MSVCRT:tncleanup.obj
 0001:00000bb9       ?__scrt_uninitialize_type_info@@YAXXZ 10001bb9 f   MSVCRT:tncleanup.obj
 0001:00000bc5       ___local_stdio_printf_options 10001bc5 f i MSVCRT:default_local_stdio_options.obj
 0001:00000bcb       ___local_stdio_scanf_options 10001bcb f i MSVCRT:default_local_stdio_options.obj
 0001:00000bd1       ___scrt_initialize_default_local_stdio_options 10001bd1 f   MSVCRT:default_local_stdio_options.obj
 0001:00000bee       ___scrt_get_dyn_tls_init_callback 10001bee f   MSVCRT:dyn_tls_init.obj
 0001:00000bf4       ___scrt_fastfail           10001bf4 f   MSVCRT:utility_desktop.obj
 0001:00000d0f       __RTC_Initialize           10001d0f f   MSVCRT:_initsect_.obj
 0001:00000d3a       __RTC_Terminate            10001d3a f   MSVCRT:_initsect_.obj
 0001:00000d65       @_guard_check_icall@4      10001d65 f i MSVCRT:checkcfg.obj
 0001:00000d70       __SEH_prolog4              10001d70 f   MSVCRT:_sehprolg4_.obj
 0001:00000db6       __SEH_epilog4              10001db6 f   MSVCRT:_sehprolg4_.obj
 0001:00000dcb       __except_handler4          10001dcb f   MSVCRT:_chandler4gs_.obj
 0001:00000dee       ___isa_available_init      10001dee f   MSVCRT:_cpu_disp_.obj
 0001:00000f88       __get_startup_argv_mode    10001f88 f   MSVCRT:argv_mode.obj
 0001:00000f8c       ___scrt_is_ucrt_dll_in_use 10001f8c f   MSVCRT:ucrt_detection.obj
 0001:00000f98       @_guard_check_icall_nop@4  10001f98 f i MSVCRT:guard_support.obj
 0001:00000f9a       ___std_type_info_destroy_list 10001f9a f   vcruntime:VCRUNTIME140.dll
 0001:00000fa0       _memset                    10001fa0 f   vcruntime:VCRUNTIME140.dll
 0001:00000fa6       __except_handler4_common   10001fa6 f   vcruntime:VCRUNTIME140.dll
 0001:00000fac       __initterm                 10001fac f   ucrt:api-ms-win-crt-runtime-l1-1-0.dll
 0001:00000fb2       __initterm_e               10001fb2 f   ucrt:api-ms-win-crt-runtime-l1-1-0.dll
 0001:00000fb8       __seh_filter_dll           10001fb8 f   ucrt:api-ms-win-crt-runtime-l1-1-0.dll
 0001:00000fbe       __configure_narrow_argv    10001fbe f   ucrt:api-ms-win-crt-runtime-l1-1-0.dll
 0001:00000fc4       __initialize_narrow_environment 10001fc4 f   ucrt:api-ms-win-crt-runtime-l1-1-0.dll
 0001:00000fca       __initialize_onexit_table  10001fca f   ucrt:api-ms-win-crt-runtime-l1-1-0.dll
 0001:00000fd0       __register_onexit_function 10001fd0 f   ucrt:api-ms-win-crt-runtime-l1-1-0.dll
 0001:00000fd6       __execute_onexit_table     10001fd6 f   ucrt:api-ms-win-crt-runtime-l1-1-0.dll
 0001:00000fdc       __crt_atexit               10001fdc f   ucrt:api-ms-win-crt-runtime-l1-1-0.dll
 0001:00000fe2       __cexit                    10001fe2 f   ucrt:api-ms-win-crt-runtime-l1-1-0.dll
 0001:00000fe8       _IsProcessorFeaturePresent@4 10001fe8 f   kernel32:KERNEL32.dll
 0001:00000fee       ___vcrt_thread_attach      10001fee f   MSVCRT:ucrt_stubs.obj
 0001:00000fee       ___acrt_thread_detach      10001fee f   MSVCRT:ucrt_stubs.obj
 0001:00000fee       ___scrt_stub_for_acrt_thread_attach 10001fee f   MSVCRT:ucrt_stubs.obj
 0001:00000fee       ___scrt_stub_for_acrt_uninitialize_critical 10001fee f   MSVCRT:ucrt_stubs.obj
 0001:00000fee       ___scrt_stub_for_acrt_thread_detach 10001fee f   MSVCRT:ucrt_stubs.obj
 0001:00000fee       ___scrt_stub_for_acrt_initialize 10001fee f   MSVCRT:ucrt_stubs.obj
 0001:00000fee       ___vcrt_initialize         10001fee f   MSVCRT:ucrt_stubs.obj
 0001:00000fee       ___vcrt_uninitialize       10001fee f   MSVCRT:ucrt_stubs.obj
 0001:00000fee       ___acrt_uninitialize       10001fee f   MSVCRT:ucrt_stubs.obj
 0001:00000fee       ___acrt_uninitialize_critical 10001fee f   MSVCRT:ucrt_stubs.obj
 0001:00000fee       ___vcrt_uninitialize_critical 10001fee f   MSVCRT:ucrt_stubs.obj
 0001:00000fee       ___scrt_stub_for_acrt_uninitialize 10001fee f   MSVCRT:ucrt_stubs.obj
 0001:00000fee       ___acrt_initialize         10001fee f   MSVCRT:ucrt_stubs.obj
 0001:00000fee       ___vcrt_thread_detach      10001fee f   MSVCRT:ucrt_stubs.obj
 0001:00000fee       ___acrt_thread_attach      10001fee f   MSVCRT:ucrt_stubs.obj
 0001:00000ff1       ___scrt_stub_for_is_c_termination_complete 10001ff1 f   MSVCRT:ucrt_stubs.obj
 0001:00000ff1       __is_c_termination_complete 10001ff1 f   MSVCRT:ucrt_stubs.obj
 0001:00000ff4       ?System.Data.SQLite.AssemblySourceIdAttribute..ctor@@2001010O 10001ff4 f   System.Data.SQLite.netmodule
 0001:00001010       ?System.Data.SQLite.AssemblySourceIdAttribute.get_SourceId@@20000O 10002010 f   System.Data.SQLite.netmodule
 0001:00001024       ?System.Data.SQLite.AssemblySourceTimeStampAttribute..ctor@@2001010O 10002024 f   System.Data.SQLite.netmodule
 0001:00001040       ?System.Data.SQLite.AssemblySourceTimeStampAttribute.get_SourceTimeStamp@@20000O 10002040 f   System.Data.SQLite.netmodule
 0001:00001054       ?System.Data.SQLite.SQLite3..ctor@@2006011180N811790O180O02 10002054 f   System.Data.SQLite.netmodule
 0001:000010f8       ?System.Data.SQLite.SQLite3.CheckDisposed@@200001 100020f8 f   System.Data.SQLite.netmodule
 0001:00001124       ?System.Data.SQLite.SQLite3.Dispose@@20010102 10002124 f   System.Data.SQLite.netmodule
 0001:00001174       ?System.Data.SQLite.SQLite3.DisposeModules@@200001 10002174 f   System.Data.SQLite.netmodule
 0001:000011f0       ?System.Data.SQLite.SQLite3.Close@@20010102 100021f0 f   System.Data.SQLite.netmodule
 0001:00001304       ?System.Data.SQLite.SQLite3.GetCancelCount@@200008 10002304 f   System.Data.SQLite.netmodule
 0001:00001320       ?System.Data.SQLite.SQLite3.ShouldThrowForCancel@@200002 10002320 f   System.Data.SQLite.netmodule
 0001:00001338       ?System.Data.SQLite.SQLite3.ResetCancelCount@@200008 10002338 f   System.Data.SQLite.netmodule
 0001:00001358       ?System.Data.SQLite.SQLite3.Cancel@@200001 10002358 f   System.Data.SQLite.netmodule
 0001:000013a0       ?System.Data.SQLite.SQLite3.BindFunction@@20030112815412811M112M 100023a0 f   System.Data.SQLite.netmodule
 0001:000013f4       ?System.Data.SQLite.SQLite3.UnbindFunction@@200202128154112M 100023f4 f   System.Data.SQLite.netmodule
 0001:00001448       ?System.Data.SQLite.SQLite3.get_Version@@20000O 10002448 f   System.Data.SQLite.netmodule
 0001:0000145c       ?System.Data.SQLite.SQLite3.get_VersionNumber@@200008 1000245c f   System.Data.SQLite.netmodule
 0001:00001470       ?System.Data.SQLite.SQLite3.get_DefineConstants@@00000O 10002470 f   System.Data.SQLite.netmodule
 0001:000014f0       ?System.Data.SQLite.SQLite3.get_SQLiteVersion@@00000O 100024f0 f   System.Data.SQLite.netmodule
 0001:00001508       ?System.Data.SQLite.SQLite3.get_SQLiteVersionNumber@@000008 10002508 f   System.Data.SQLite.netmodule
 0001:0000151c       ?System.Data.SQLite.SQLite3.get_SQLiteSourceId@@00000O 1000251c f   System.Data.SQLite.netmodule
 0001:00001534       ?System.Data.SQLite.SQLite3.get_SQLiteCompileOptions@@00000O 10002534 f   System.Data.SQLite.netmodule
 0001:00001594       ?System.Data.SQLite.SQLite3.get_InteropVersion@@00000O 10002594 f   System.Data.SQLite.netmodule
 0001:000015ac       ?System.Data.SQLite.SQLite3.get_InteropSourceId@@00000O 100025ac f   System.Data.SQLite.netmodule
 0001:000015c4       ?System.Data.SQLite.SQLite3.get_InteropCompileOptions@@00000O 100025c4 f   System.Data.SQLite.netmodule
 0001:00001624       ?System.Data.SQLite.SQLite3.get_AutoCommit@@200002 10002624 f   System.Data.SQLite.netmodule
 0001:00001648       ?System.Data.SQLite.SQLite3.IsReadOnly@@2001020O 10002648 f   System.Data.SQLite.netmodule
 0001:000016dc       ?System.Data.SQLite.SQLite3.get_LastInsertRowId@@20000K 100026dc f   System.Data.SQLite.netmodule
 0001:000016fc       ?System.Data.SQLite.SQLite3.get_Changes@@200008 100026fc f   System.Data.SQLite.netmodule
 0001:0000171c       ?System.Data.SQLite.SQLite3.get_MemoryUsed@@20000K 1000271c f   System.Data.SQLite.netmodule
 0001:00001730       ?System.Data.SQLite.SQLite3.get_StaticMemoryUsed@@00000K 10002730 f   System.Data.SQLite.netmodule
 0001:00001744       ?System.Data.SQLite.SQLite3.get_MemoryHighwater@@20000K 10002744 f   System.Data.SQLite.netmodule
 0001:00001758       ?System.Data.SQLite.SQLite3.get_StaticMemoryHighwater@@00000K 10002758 f   System.Data.SQLite.netmodule
 0001:0000176c       ?System.Data.SQLite.SQLite3.get_OwnHandle@@200002 1000276c f   System.Data.SQLite.netmodule
 0001:00001798       ?System.Data.SQLite.SQLite3.get_Functions@@2000151280910212815412811M 10002798 f   System.Data.SQLite.netmodule
 0001:000017ac       ?System.Data.SQLite.SQLite3.SetMemoryStatus@@200111811402 100027ac f   System.Data.SQLite.netmodule
 0001:000017c0       ?System.Data.SQLite.SQLite3.StaticSetMemoryStatus@@000111811402 100027c0 f   System.Data.SQLite.netmodule
 0001:000017dc       ?System.Data.SQLite.SQLite3.ReleaseMemory@@2000118114 100027dc f   System.Data.SQLite.netmodule
 0001:000017fc       ?System.Data.SQLite.SQLite3.StaticReleaseMemory@@0006118114080202100810021009 100027fc f   System.Data.SQLite.netmodule
 0001:00001858       ?System.Data.SQLite.SQLite3.Shutdown@@2000118114 10002858 f   System.Data.SQLite.netmodule
 0001:0000186c       ?System.Data.SQLite.SQLite3.StaticShutdown@@000111811402 1000286c f   System.Data.SQLite.netmodule
 0001:000018a8       ?System.Data.SQLite.SQLite3.IsOpen@@200002 100028a8 f   System.Data.SQLite.netmodule
 0001:000018dc       ?System.Data.SQLite.SQLite3.GetFileName@@20010O0O 100028dc f   System.Data.SQLite.netmodule
 0001:00001910       ?System.Data.SQLite.SQLite3.Open@@2006010O0O112M11280802 10002910 f   System.Data.SQLite.netmodule
 0001:00001b88       ?System.Data.SQLite.SQLite3.ClearPool@@200001 10002b88 f   System.Data.SQLite.netmodule
 0001:00001ba0       ?System.Data.SQLite.SQLite3.CountPool@@200008 10002ba0 f   System.Data.SQLite.netmodule
 0001:00001bcc       ?System.Data.SQLite.SQLite3.SetTimeout@@20010108 10002bcc f   System.Data.SQLite.netmodule
 0001:00001c14       ?System.Data.SQLite.SQLite3.Step@@200102128174 10002c14 f   System.Data.SQLite.netmodule
 0001:00001d0c       ?System.Data.SQLite.SQLite3.GetErrorString@@00010O118114 10002d0c f   System.Data.SQLite.netmodule
 0001:00001d94       ?System.Data.SQLite.SQLite3.IsReadOnly@@200102128174 10002d94 f   System.Data.SQLite.netmodule
 0001:00001e10       ?System.Data.SQLite.SQLite3.Reset@@2001118114128174 10002e10 f   System.Data.SQLite.netmodule
 0001:00001ec4       ?System.Data.SQLite.SQLite3.GetLastError@@20000O 10002ec4 f   System.Data.SQLite.netmodule
 0001:00001ed8       ?System.Data.SQLite.SQLite3.GetLastError@@20010O0O 10002ed8 f   System.Data.SQLite.netmodule
 0001:00001f08       ?System.Data.SQLite.SQLite3.ForceLogPrepare@@000002 10002f08 f   System.Data.SQLite.netmodule
 0001:00001f8c       ?System.Data.SQLite.SQLite3.Prepare@@200512817412700O12817409100O 10002f8c f   System.Data.SQLite.netmodule
 0001:000023d4       ?System.Data.SQLite.SQLite3.LogBind@@00020112819408 100033d4 f   System.Data.SQLite.netmodule
 0001:00002414       ?System.Data.SQLite.SQLite3.LogBind@@000301128194081280K1 10003414 f   System.Data.SQLite.netmodule
 0001:00002464       ?System.Data.SQLite.SQLite3.FormatDateTime@@00010O1180K5 10003464 f   System.Data.SQLite.netmodule
 0001:000024c4       ?System.Data.SQLite.SQLite3.LogBind@@000301128194081180K5 100034c4 f   System.Data.SQLite.netmodule
 0001:0000251c       ?System.Data.SQLite.SQLite3.LogBind@@000301128194080O 1000351c f   System.Data.SQLite.netmodule
 0001:00002578       ?System.Data.SQLite.SQLite3.ToHexadecimalString@@00010O1N05 10003578 f   System.Data.SQLite.netmodule
 0001:000025c4       ?System.Data.SQLite.SQLite3.LogBind@@000301128194081N05 100035c4 f   System.Data.SQLite.netmodule
 0001:00002624       ?System.Data.SQLite.SQLite3.Bind_Double@@200401128174112M080N 10003624 f   System.Data.SQLite.netmodule
 0001:00002670       ?System.Data.SQLite.SQLite3.Bind_Int32@@200401128174112M0808 10003670 f   System.Data.SQLite.netmodule
 0001:000026bc       ?System.Data.SQLite.SQLite3.Bind_UInt32@@200401128174112M0809 100036bc f   System.Data.SQLite.netmodule
 0001:00002724       ?System.Data.SQLite.SQLite3.Bind_Int64@@200401128174112M080K 10003724 f   System.Data.SQLite.netmodule
 0001:00002770       ?System.Data.SQLite.SQLite3.Bind_UInt64@@200401128174112M080L 10003770 f   System.Data.SQLite.netmodule
 0001:000027bc       ?System.Data.SQLite.SQLite3.Bind_Boolean@@200401128174112M0802 100037bc f   System.Data.SQLite.netmodule
 0001:00002810       ?System.Data.SQLite.SQLite3.Bind_Text@@200401128174112M080O 10003810 f   System.Data.SQLite.netmodule
 0001:00002878       ?System.Data.SQLite.SQLite3.Bind_DateTime@@200401128174112M081180K5 10003878 f   System.Data.SQLite.netmodule
 0001:00002a34       ?System.Data.SQLite.SQLite3.Bind_Blob@@200401128174112M081N05 10003a34 f   System.Data.SQLite.netmodule
 0001:00002a84       ?System.Data.SQLite.SQLite3.Bind_Null@@200301128174112M08 10003a84 f   System.Data.SQLite.netmodule
 0001:00002ac4       ?System.Data.SQLite.SQLite3.Bind_ParamCount@@200208128174112M 10003ac4 f   System.Data.SQLite.netmodule
 0001:00002b20       ?System.Data.SQLite.SQLite3.Bind_ParamName@@20030O128174112M08 10003b20 f   System.Data.SQLite.netmodule
 0001:00002b8c       ?System.Data.SQLite.SQLite3.Bind_ParamIndex@@200308128174112M0O 10003b8c f   System.Data.SQLite.netmodule
 0001:00002bf4       ?System.Data.SQLite.SQLite3.ColumnCount@@200108128174 10003bf4 f   System.Data.SQLite.netmodule
 0001:00002c14       ?System.Data.SQLite.SQLite3.ColumnName@@20020O12817408 10003c14 f   System.Data.SQLite.netmodule
 0001:00002c58       ?System.Data.SQLite.SQLite3.ColumnAffinity@@20021180N012817408 10003c58 f   System.Data.SQLite.netmodule
 0001:00002c78       ?System.Data.SQLite.SQLite3.ColumnType@@20030O12817408101180N0 10003c78 f   System.Data.SQLite.netmodule
 0001:00002cec       ?System.Data.SQLite.SQLite3.ColumnIndex@@2002081281740O 10003cec f   System.Data.SQLite.netmodule
 0001:00002d24       ?System.Data.SQLite.SQLite3.ColumnOriginalName@@20020O12817408 10003d24 f   System.Data.SQLite.netmodule
 0001:00002d4c       ?System.Data.SQLite.SQLite3.ColumnDatabaseName@@20020O12817408 10003d4c f   System.Data.SQLite.netmodule
 0001:00002d74       ?System.Data.SQLite.SQLite3.ColumnTableName@@20020O12817408 10003d74 f   System.Data.SQLite.netmodule
 0001:00002d9c       ?System.Data.SQLite.SQLite3.ColumnMetaData@@2008010O0O0O100O100O100210021002 10003d9c f   System.Data.SQLite.netmodule
 0001:00002e34       ?System.Data.SQLite.SQLite3.GetObject@@20021M12817408 10003e34 f   System.Data.SQLite.netmodule
 0001:00002ecc       ?System.Data.SQLite.SQLite3.GetDouble@@20020N12817408 10003ecc f   System.Data.SQLite.netmodule
 0001:00002eec       ?System.Data.SQLite.SQLite3.GetBoolean@@20020212817408 10003eec f   System.Data.SQLite.netmodule
 0001:00002f0c       ?System.Data.SQLite.SQLite3.GetSByte@@20020412817408 10003f0c f   System.Data.SQLite.netmodule
 0001:00002f28       ?System.Data.SQLite.SQLite3.GetByte@@20020512817408 10003f28 f   System.Data.SQLite.netmodule
 0001:00002f44       ?System.Data.SQLite.SQLite3.GetInt16@@20020612817408 10003f44 f   System.Data.SQLite.netmodule
 0001:00002f60       ?System.Data.SQLite.SQLite3.GetUInt16@@20020712817408 10003f60 f   System.Data.SQLite.netmodule
 0001:00002f7c       ?System.Data.SQLite.SQLite3.GetInt32@@20020812817408 10003f7c f   System.Data.SQLite.netmodule
 0001:00002f9c       ?System.Data.SQLite.SQLite3.GetUInt32@@20020912817408 10003f9c f   System.Data.SQLite.netmodule
 0001:00002fb4       ?System.Data.SQLite.SQLite3.GetInt64@@20020K12817408 10003fb4 f   System.Data.SQLite.netmodule
 0001:00002fd4       ?System.Data.SQLite.SQLite3.GetUInt64@@20020L12817408 10003fd4 f   System.Data.SQLite.netmodule
 0001:00002fec       ?System.Data.SQLite.SQLite3.GetText@@20020O12817408 10003fec f   System.Data.SQLite.netmodule
 0001:00003014       ?System.Data.SQLite.SQLite3.GetDateTime@@20021180K512817408 10004014 f   System.Data.SQLite.netmodule
 0001:00003094       ?System.Data.SQLite.SQLite3.GetBytes@@20060K12817408081N050808 10004094 f   System.Data.SQLite.netmodule
 0001:00003110       ?System.Data.SQLite.SQLite3.GetChars@@20060K12817408081N030808 10004110 f   System.Data.SQLite.netmodule
 0001:0000316c       ?System.Data.SQLite.SQLite3.IsNull@@20020212817408 1000416c f   System.Data.SQLite.netmodule
 0001:00003184       ?System.Data.SQLite.SQLite3.AggregateCount@@20010818 10004184 f   System.Data.SQLite.netmodule
 0001:00003198       ?System.Data.SQLite.SQLite3.CreateFunction@@20071181140O080212813M12813M12814002 10004198 f   System.Data.SQLite.netmodule
 0001:00003214       ?System.Data.SQLite.SQLite3.CreateCollation@@20041181140O12814412814402 10004214 f   System.Data.SQLite.netmodule
 0001:00003278       ?System.Data.SQLite.SQLite3.ContextCollateCompare@@20040811814M180O0O 10004278 f   System.Data.SQLite.netmodule
 0001:000032d4       ?System.Data.SQLite.SQLite3.ContextCollateCompare@@20040811814M181N031N03 100042d4 f   System.Data.SQLite.netmodule
 0001:00003330       ?System.Data.SQLite.SQLite3.GetCollationSequence@@200211815012811M18 10004330 f   System.Data.SQLite.netmodule
 0001:00003380       ?System.Data.SQLite.SQLite3.GetParamValueBytes@@20050K18081N050808 10004380 f   System.Data.SQLite.netmodule
 0001:000033e0       ?System.Data.SQLite.SQLite3.GetParamValueDouble@@20010N18 100043e0 f   System.Data.SQLite.netmodule
 0001:000033f4       ?System.Data.SQLite.SQLite3.GetParamValueInt32@@20010818 100043f4 f   System.Data.SQLite.netmodule
 0001:00003408       ?System.Data.SQLite.SQLite3.GetParamValueInt64@@20010K18 10004408 f   System.Data.SQLite.netmodule
 0001:0000341c       ?System.Data.SQLite.SQLite3.GetParamValueText@@20010O18 1000441c f   System.Data.SQLite.netmodule
 0001:0000343c       ?System.Data.SQLite.SQLite3.GetParamValueType@@20011180N018 1000443c f   System.Data.SQLite.netmodule
 0001:00003450       ?System.Data.SQLite.SQLite3.ReturnBlob@@200201181N05 10004450 f   System.Data.SQLite.netmodule
 0001:00003470       ?System.Data.SQLite.SQLite3.ReturnDouble@@200201180N 10004470 f   System.Data.SQLite.netmodule
 0001:00003484       ?System.Data.SQLite.SQLite3.ReturnError@@200201180O 10004484 f   System.Data.SQLite.netmodule
 0001:000034a4       ?System.Data.SQLite.SQLite3.ReturnInt32@@2002011808 100044a4 f   System.Data.SQLite.netmodule
 0001:000034b8       ?System.Data.SQLite.SQLite3.ReturnInt64@@200201180K 100044b8 f   System.Data.SQLite.netmodule
 0001:000034cc       ?System.Data.SQLite.SQLite3.ReturnNull@@20010118 100044cc f   System.Data.SQLite.netmodule
 0001:000034e0       ?System.Data.SQLite.SQLite3.ReturnText@@200201180O 100044e0 f   System.Data.SQLite.netmodule
 0001:0000350c       ?System.Data.SQLite.SQLite3.GetShimExtensionFileName@@20010O1002 1000450c f   System.Data.SQLite.netmodule
 0001:00003548       ?System.Data.SQLite.SQLite3.CreateModule@@2002011281P4112M 10004548 f   System.Data.SQLite.netmodule
 0001:0000364c       ?System.Data.SQLite.SQLite3.DisposeModule@@2002011281P4112M 1000464c f   System.Data.SQLite.netmodule
 0001:00003670       ?System.Data.SQLite.SQLite3.AggregateContext@@20011818 10004670 f   System.Data.SQLite.netmodule
 0001:00003684       ?System.Data.SQLite.SQLite3.DeclareVirtualTable@@20031181141281P40O100O 10004684 f   System.Data.SQLite.netmodule
 0001:00003714       ?System.Data.SQLite.SQLite3.DeclareVirtualFunction@@20041181141281P4080O100O 10004714 f   System.Data.SQLite.netmodule
 0001:00003798       ?System.Data.SQLite.SQLite3.SetConfigurationOption@@2002118114113002 10004798 f   System.Data.SQLite.netmodule
 0001:00003820       ?System.Data.SQLite.SQLite3.SetLoadExtension@@20010102 10004820 f   System.Data.SQLite.netmodule
 0001:00003870       ?System.Data.SQLite.SQLite3.LoadExtension@@2002010O0O 10004870 f   System.Data.SQLite.netmodule
 0001:00003920       ?System.Data.SQLite.SQLite3.SetExtendedResultCodes@@20010102 10004920 f   System.Data.SQLite.netmodule
 0001:00003958       ?System.Data.SQLite.SQLite3.ResultCode@@2000118114 10004958 f   System.Data.SQLite.netmodule
 0001:00003978       ?System.Data.SQLite.SQLite3.ExtendedResultCode@@2000118114 10004978 f   System.Data.SQLite.netmodule
 0001:00003998       ?System.Data.SQLite.SQLite3.LogMessage@@2002011181140O 10004998 f   System.Data.SQLite.netmodule
 0001:000039ac       ?System.Data.SQLite.SQLite3.StaticLogMessage@@0002011181140O 100049ac f   System.Data.SQLite.netmodule
 0001:000039c8       ?System.Data.SQLite.SQLite3.SetPassword@@2001011N05 100049c8 f   System.Data.SQLite.netmodule
 0001:00003a0c       ?System.Data.SQLite.SQLite3.ChangePassword@@2001011N05 10004a0c f   System.Data.SQLite.netmodule
 0001:00003a54       ?System.Data.SQLite.SQLite3.SetProgressHook@@200201081278 10004a54 f   System.Data.SQLite.netmodule
 0001:00003a78       ?System.Data.SQLite.SQLite3.SetAuthorizerHook@@200101127M 10004a78 f   System.Data.SQLite.netmodule
 0001:00003a9c       ?System.Data.SQLite.SQLite3.SetUpdateHook@@200101128080 10004a9c f   System.Data.SQLite.netmodule
 0001:00003ac0       ?System.Data.SQLite.SQLite3.SetCommitHook@@200101128084 10004ac0 f   System.Data.SQLite.netmodule
 0001:00003ae4       ?System.Data.SQLite.SQLite3.SetTraceCallback@@200101128088 10004ae4 f   System.Data.SQLite.netmodule
 0001:00003b08       ?System.Data.SQLite.SQLite3.SetRollbackHook@@20010112808M 10004b08 f   System.Data.SQLite.netmodule
 0001:00003b2c       ?System.Data.SQLite.SQLite3.SetLogCallback@@20011181141210 10004b2c f   System.Data.SQLite.netmodule
 0001:00003b48       ?System.Data.SQLite.SQLite3.InitializeBackup@@2003121M12700O0O 10004b48 f   System.Data.SQLite.netmodule
 0001:00003c98       ?System.Data.SQLite.SQLite3.StepBackup@@200302121M081002 10004c98 f   System.Data.SQLite.netmodule
 0001:00003d20       ?System.Data.SQLite.SQLite3.RemainingBackup@@200108121M 10004d20 f   System.Data.SQLite.netmodule
 0001:00003d74       ?System.Data.SQLite.SQLite3.PageCountBackup@@200108121M 10004d74 f   System.Data.SQLite.netmodule
 0001:00003dc8       ?System.Data.SQLite.SQLite3.FinishBackup@@200101121M 10004dc8 f   System.Data.SQLite.netmodule
 0001:00003e3c       ?System.Data.SQLite.SQLite3.IsInitialized@@200002 10004e3c f   System.Data.SQLite.netmodule
 0001:00003e50       ?System.Data.SQLite.SQLite3.StaticIsInitialized@@000002 10004e50 f   System.Data.SQLite.netmodule
 0001:00003ed0       ?System.Data.SQLite.SQLite3.GetValue@@20041M128174112M081280P4 10004ed0 f   System.Data.SQLite.netmodule
 0001:0000413c       ?System.Data.SQLite.SQLite3.GetCursorForTable@@2003081281740808 1000513c f   System.Data.SQLite.netmodule
 0001:0000415c       ?System.Data.SQLite.SQLite3.GetRowIdForCursor@@20020K12817408 1000515c f   System.Data.SQLite.netmodule
 0001:00004188       ?System.Data.SQLite.SQLite3.GetIndexColumnExtendedInfo@@2006010O0O0O10081008100O 10005188 f   System.Data.SQLite.netmodule
 0001:000041e0       ?System.Data.SQLite.SQLite3.FileControl@@20031181140O0818 100051e0 f   System.Data.SQLite.netmodule
 0001:0000420c       ?System.Data.SQLite.SQLite3..cctor@@000001 1000520c f   System.Data.SQLite.netmodule
 0001:00004244       ?System.Data.SQLite.SQLite3_UTF16..ctor@@2006011180N811790O180O02 10005244 f   System.Data.SQLite.netmodule
 0001:00004260       ?System.Data.SQLite.SQLite3_UTF16.CheckDisposed@@200001 10005260 f   System.Data.SQLite.netmodule
 0001:0000428c       ?System.Data.SQLite.SQLite3_UTF16.Dispose@@20010102 1000528c f   System.Data.SQLite.netmodule
 0001:000042d0       ?System.Data.SQLite.SQLite3_UTF16.ToString@@20020O1808 100052d0 f   System.Data.SQLite.netmodule
 0001:000042ec       ?System.Data.SQLite.SQLite3_UTF16.UTF16ToString@@00020O1808 100052ec f   System.Data.SQLite.netmodule
 0001:00004324       ?System.Data.SQLite.SQLite3_UTF16.Open@@2006010O0O112M11280802 10005324 f   System.Data.SQLite.netmodule
 0001:000045d0       ?System.Data.SQLite.SQLite3_UTF16.Bind_DateTime@@200401128174112M081180K5 100055d0 f   System.Data.SQLite.netmodule
 0001:00004638       ?System.Data.SQLite.SQLite3_UTF16.Bind_Text@@200401128174112M080O 10005638 f   System.Data.SQLite.netmodule
 0001:0000468c       ?System.Data.SQLite.SQLite3_UTF16.GetDateTime@@20021180K512817408 1000568c f   System.Data.SQLite.netmodule
 0001:00004700       ?System.Data.SQLite.SQLite3_UTF16.ColumnName@@20020O12817408 10005700 f   System.Data.SQLite.netmodule
 0001:00004744       ?System.Data.SQLite.SQLite3_UTF16.GetText@@20020O12817408 10005744 f   System.Data.SQLite.netmodule
 0001:0000476c       ?System.Data.SQLite.SQLite3_UTF16.ColumnOriginalName@@20020O12817408 1000576c f   System.Data.SQLite.netmodule
 0001:00004794       ?System.Data.SQLite.SQLite3_UTF16.ColumnDatabaseName@@20020O12817408 10005794 f   System.Data.SQLite.netmodule
 0001:000047bc       ?System.Data.SQLite.SQLite3_UTF16.ColumnTableName@@20020O12817408 100057bc f   System.Data.SQLite.netmodule
 0001:000047e4       ?System.Data.SQLite.SQLite3_UTF16.GetParamValueText@@20010O18 100057e4 f   System.Data.SQLite.netmodule
 0001:00004804       ?System.Data.SQLite.SQLite3_UTF16.ReturnError@@200201180O 10005804 f   System.Data.SQLite.netmodule
 0001:00004820       ?System.Data.SQLite.SQLite3_UTF16.ReturnText@@200201180O 10005820 f   System.Data.SQLite.netmodule
 0001:00004844       ?System.Data.SQLite.SQLiteBackup..ctor@@2006011220128198181N05181N05 10005844 f   System.Data.SQLite.netmodule
 0001:00004884       ?System.Data.SQLite.SQLiteBackup.Dispose@@200001 10005884 f   System.Data.SQLite.netmodule
 0001:000048a0       ?System.Data.SQLite.SQLiteBackup.CheckDisposed@@200001 100058a0 f   System.Data.SQLite.netmodule
 0001:000048cc       ?System.Data.SQLite.SQLiteBackup.Dispose@@20010102 100058cc f   System.Data.SQLite.netmodule
 0001:00004930       ?System.Data.SQLite.SQLiteBackup.Finalize@@200001 10005930 f   System.Data.SQLite.netmodule
 0001:0000496c       ?System.Data.SQLite.SQLiteBase..ctor@@2003011180N811790O 1000596c f   System.Data.SQLite.netmodule
 0001:00004984       ?System.Data.SQLite.SQLiteBase.Dispose@@200001 10005984 f   System.Data.SQLite.netmodule
 0001:000049a0       ?System.Data.SQLite.SQLiteBase.CheckDisposed@@200001 100059a0 f   System.Data.SQLite.netmodule
 0001:000049cc       ?System.Data.SQLite.SQLiteBase.Dispose@@20010102 100059cc f   System.Data.SQLite.netmodule
 0001:000049e8       ?System.Data.SQLite.SQLiteBase.Finalize@@200001 100059e8 f   System.Data.SQLite.netmodule
 0001:00004a24       ?System.Data.SQLite.SQLiteBase.FallbackGetErrorString@@00010O118114 10005a24 f   System.Data.SQLite.netmodule
 0001:00004a54       ?System.Data.SQLite.SQLiteBase.GetLastError@@00020O12819018 10005a54 f   System.Data.SQLite.netmodule
 0001:00004af8       ?System.Data.SQLite.SQLiteBase.FinishBackup@@00020112819018 10005af8 f   System.Data.SQLite.netmodule
 0001:00004b78       ?System.Data.SQLite.SQLiteBase.CloseBlob@@00020112819018 10005b78 f   System.Data.SQLite.netmodule
 0001:00004bf8       ?System.Data.SQLite.SQLiteBase.FinalizeStatement@@00020112819018 10005bf8 f   System.Data.SQLite.netmodule
 0001:00004c78       ?System.Data.SQLite.SQLiteBase.CloseConnection@@00020112819018 10005c78 f   System.Data.SQLite.netmodule
 0001:00004d00       ?System.Data.SQLite.SQLiteBase.CloseConnectionV2@@00020112819018 10005d00 f   System.Data.SQLite.netmodule
 0001:00004d88       ?System.Data.SQLite.SQLiteBase.ResetConnection@@0003021281901802 10005d88 f   System.Data.SQLite.netmodule
 0001:00004eb4       ?System.Data.SQLite.SQLiteBase.IsAutocommit@@00020212819018 10005eb4 f   System.Data.SQLite.netmodule
 0001:00004f48       ?System.Data.SQLite.SQLiteBase..cctor@@000001 10005f48 f   System.Data.SQLite.netmodule
 0001:00005060       ?System.Data.SQLite.SQLiteBlob..ctor@@200201122012819M 10006060 f   System.Data.SQLite.netmodule
 0001:00005084       ?System.Data.SQLite.SQLiteBlob.Create@@000312381281080802 10006084 f   System.Data.SQLite.netmodule
 0001:000051b4       ?System.Data.SQLite.SQLiteBlob.CheckOpen@@200001 100061b4 f   System.Data.SQLite.netmodule
 0001:000051e4       ?System.Data.SQLite.SQLiteBlob.VerifyParameters@@2003011N050808 100061e4 f   System.Data.SQLite.netmodule
 0001:00005230       ?System.Data.SQLite.SQLiteBlob.Reopen@@2001010K 10006230 f   System.Data.SQLite.netmodule
 0001:0000526c       ?System.Data.SQLite.SQLiteBlob.GetCount@@200008 1000626c f   System.Data.SQLite.netmodule
 0001:00005298       ?System.Data.SQLite.SQLiteBlob.Read@@2003011N050808 10006298 f   System.Data.SQLite.netmodule
 0001:000052dc       ?System.Data.SQLite.SQLiteBlob.Write@@2003011N050808 100062dc f   System.Data.SQLite.netmodule
 0001:00005320       ?System.Data.SQLite.SQLiteBlob.Close@@200001 10006320 f   System.Data.SQLite.netmodule
 0001:00005334       ?System.Data.SQLite.SQLiteBlob.Dispose@@200001 10006334 f   System.Data.SQLite.netmodule
 0001:00005350       ?System.Data.SQLite.SQLiteBlob.CheckDisposed@@200001 10006350 f   System.Data.SQLite.netmodule
 0001:0000537c       ?System.Data.SQLite.SQLiteBlob.Dispose@@20010102 1000637c f   System.Data.SQLite.netmodule
 0001:000053bc       ?System.Data.SQLite.SQLiteBlob.Finalize@@200001 100063bc f   System.Data.SQLite.netmodule
 0001:000053f8       ?System.Data.SQLite.SQLiteCommand..ctor@@200001 100063f8 f   System.Data.SQLite.netmodule
 0001:00005410       ?System.Data.SQLite.SQLiteCommand..ctor@@2001010O 10006410 f   System.Data.SQLite.netmodule
 0001:00005428       ?System.Data.SQLite.SQLiteCommand..ctor@@2002010O1270 10006428 f   System.Data.SQLite.netmodule
 0001:00005440       ?System.Data.SQLite.SQLiteCommand..ctor@@2001011270 10006440 f   System.Data.SQLite.netmodule
 0001:00005458       ?System.Data.SQLite.SQLiteCommand..ctor@@200101123M 10006458 f   System.Data.SQLite.netmodule
 0001:00005504       ?System.Data.SQLite.SQLiteCommand..ctor@@2003010O1270128178 10006504 f   System.Data.SQLite.netmodule
 0001:00005578       ?System.Data.SQLite.SQLiteCommand.Check@@000101123M 10006578 f   System.Data.SQLite.netmodule
 0001:0000559c       ?System.Data.SQLite.SQLiteCommand.CheckDisposed@@200001 1000659c f   System.Data.SQLite.netmodule
 0001:000055c8       ?System.Data.SQLite.SQLiteCommand.Dispose@@20010102 100065c8 f   System.Data.SQLite.netmodule
 0001:000056b4       ?System.Data.SQLite.SQLiteCommand.GetFlags@@0001112M123M 100066b4 f   System.Data.SQLite.netmodule
 0001:00005700       ?System.Data.SQLite.SQLiteCommand.DisposeStatements@@200001 10006700 f   System.Data.SQLite.netmodule
 0001:0000574c       ?System.Data.SQLite.SQLiteCommand.ClearDataReader@@200001 1000674c f   System.Data.SQLite.netmodule
 0001:000057a8       ?System.Data.SQLite.SQLiteCommand.ClearCommands@@200001 100067a8 f   System.Data.SQLite.netmodule
 0001:000057cc       ?System.Data.SQLite.SQLiteCommand.BuildNextCommand@@2000128174 100067cc f   System.Data.SQLite.netmodule
 0001:000058f0       ?System.Data.SQLite.SQLiteCommand.GetStatement@@200112817408 100068f0 f   System.Data.SQLite.netmodule
 0001:00005944       ?System.Data.SQLite.SQLiteCommand.Cancel@@200001 10006944 f   System.Data.SQLite.netmodule
 0001:0000597c       ?System.Data.SQLite.SQLiteCommand.get_CommandText@@20000O 1000697c f   System.Data.SQLite.netmodule
 0001:00005998       ?System.Data.SQLite.SQLiteCommand.set_CommandText@@2001010O 10006998 f   System.Data.SQLite.netmodule
 0001:000059f0       ?System.Data.SQLite.SQLiteCommand.get_CommandTimeout@@200008 100069f0 f   System.Data.SQLite.netmodule
 0001:00005a0c       ?System.Data.SQLite.SQLiteCommand.set_CommandTimeout@@20010108 10006a0c f   System.Data.SQLite.netmodule
 0001:00005a28       ?System.Data.SQLite.SQLiteCommand.get_CommandType@@20001180P1 10006a28 f   System.Data.SQLite.netmodule
 0001:00005a3c       ?System.Data.SQLite.SQLiteCommand.set_CommandType@@2001011180P1 10006a3c f   System.Data.SQLite.netmodule
 0001:00005a5c       ?System.Data.SQLite.SQLiteCommand.CreateDbParameter@@20001280P5 10006a5c f   System.Data.SQLite.netmodule
 0001:00005a70       ?System.Data.SQLite.SQLiteCommand.CreateParameter@@200012816M 10006a70 f   System.Data.SQLite.netmodule
 0001:00005a8c       ?System.Data.SQLite.SQLiteCommand.get_Connection@@20001270 10006a8c f   System.Data.SQLite.netmodule
 0001:00005aa8       ?System.Data.SQLite.SQLiteCommand.set_Connection@@2001011270 10006aa8 f   System.Data.SQLite.netmodule
 0001:00005b0c       ?System.Data.SQLite.SQLiteCommand.get_DbConnection@@20001280P9 10006b0c f   System.Data.SQLite.netmodule
 0001:00005b20       ?System.Data.SQLite.SQLiteCommand.set_DbConnection@@2001011280P9 10006b20 f   System.Data.SQLite.netmodule
 0001:00005b3c       ?System.Data.SQLite.SQLiteCommand.get_Parameters@@2000128170 10006b3c f   System.Data.SQLite.netmodule
 0001:00005b58       ?System.Data.SQLite.SQLiteCommand.get_DbParameterCollection@@20001280PN 10006b58 f   System.Data.SQLite.netmodule
 0001:00005b6c       ?System.Data.SQLite.SQLiteCommand.get_Transaction@@2000128178 10006b6c f   System.Data.SQLite.netmodule
 0001:00005b88       ?System.Data.SQLite.SQLiteCommand.set_Transaction@@200101128178 10006b88 f   System.Data.SQLite.netmodule
 0001:00005c00       ?System.Data.SQLite.SQLiteCommand.get_DbTransaction@@2000128101 10006c00 f   System.Data.SQLite.netmodule
 0001:00005c14       ?System.Data.SQLite.SQLiteCommand.set_DbTransaction@@200101128101 10006c14 f   System.Data.SQLite.netmodule
 0001:00005c30       ?System.Data.SQLite.SQLiteCommand.VerifyOnly@@200001 10006c30 f   System.Data.SQLite.netmodule
 0001:00005d44       ?System.Data.SQLite.SQLiteCommand.InitializeForReader@@200001 10006d44 f   System.Data.SQLite.netmodule
 0001:00005dd4       ?System.Data.SQLite.SQLiteCommand.ExecuteDbDataReader@@200112810911810N 10006dd4 f   System.Data.SQLite.netmodule
 0001:00005de8       ?System.Data.SQLite.SQLiteCommand.Execute@@00041M0O1180O40O1N1M 10006de8 f   System.Data.SQLite.netmodule
 0001:00005e00       ?System.Data.SQLite.SQLiteCommand.Execute@@00051M0O1180O411810N0O1N1M 10006e00 f   System.Data.SQLite.netmodule
 0001:00005f84       ?System.Data.SQLite.SQLiteCommand.ExecuteReader@@200112810811810N 10006f84 f   System.Data.SQLite.netmodule
 0001:00005fb4       ?System.Data.SQLite.SQLiteCommand.ExecuteReader@@2000128108 10006fb4 f   System.Data.SQLite.netmodule
 0001:00005fd0       ?System.Data.SQLite.SQLiteCommand.ResetDataReader@@200001 10006fd0 f   System.Data.SQLite.netmodule
 0001:00005fe4       ?System.Data.SQLite.SQLiteCommand.ExecuteNonQuery@@200008 10006fe4 f   System.Data.SQLite.netmodule
 0001:00006000       ?System.Data.SQLite.SQLiteCommand.ExecuteNonQuery@@20010811810N 10007000 f   System.Data.SQLite.netmodule
 0001:00006058       ?System.Data.SQLite.SQLiteCommand.ExecuteScalar@@20001M 10007058 f   System.Data.SQLite.netmodule
 0001:00006074       ?System.Data.SQLite.SQLiteCommand.ExecuteScalar@@20011M11810N 10007074 f   System.Data.SQLite.netmodule
 0001:000060dc       ?System.Data.SQLite.SQLiteCommand.Reset@@200001 100070dc f   System.Data.SQLite.netmodule
 0001:000060f8       ?System.Data.SQLite.SQLiteCommand.Reset@@2002010202 100070f8 f   System.Data.SQLite.netmodule
 0001:000061d0       ?System.Data.SQLite.SQLiteCommand.Prepare@@200001 100071d0 f   System.Data.SQLite.netmodule
 0001:000061e4       ?System.Data.SQLite.SQLiteCommand.get_UpdatedRowSource@@20001180N5 100071e4 f   System.Data.SQLite.netmodule
 0001:00006200       ?System.Data.SQLite.SQLiteCommand.set_UpdatedRowSource@@2001011180N5 10007200 f   System.Data.SQLite.netmodule
 0001:0000621c       ?System.Data.SQLite.SQLiteCommand.get_DesignTimeVisible@@200002 1000721c f   System.Data.SQLite.netmodule
 0001:00006238       ?System.Data.SQLite.SQLiteCommand.set_DesignTimeVisible@@20010102 10007238 f   System.Data.SQLite.netmodule
 0001:00006258       ?System.Data.SQLite.SQLiteCommand.Clone@@20001M 10007258 f   System.Data.SQLite.netmodule
 0001:00006274       ?System.Data.SQLite.SQLiteCommand..cctor@@000001 10007274 f   System.Data.SQLite.netmodule
 0001:0000628c       ?System.Data.SQLite.SQLiteCommandBuilder..ctor@@200001 1000728c f   System.Data.SQLite.netmodule
 0001:000062a0       ?System.Data.SQLite.SQLiteCommandBuilder..ctor@@200101128104 100072a0 f   System.Data.SQLite.netmodule
 0001:000062d0       ?System.Data.SQLite.SQLiteCommandBuilder.CheckDisposed@@200001 100072d0 f   System.Data.SQLite.netmodule
 0001:000062fc       ?System.Data.SQLite.SQLiteCommandBuilder.Dispose@@20010102 100072fc f   System.Data.SQLite.netmodule
 0001:00006340       ?System.Data.SQLite.SQLiteCommandBuilder.ApplyParameterInfo@@2004011280P512814111814502 10007340 f   System.Data.SQLite.netmodule
 0001:00006368       ?System.Data.SQLite.SQLiteCommandBuilder.GetParameterName@@20010O0O 10007368 f   System.Data.SQLite.netmodule
 0001:00006390       ?System.Data.SQLite.SQLiteCommandBuilder.GetParameterName@@20010O08 10007390 f   System.Data.SQLite.netmodule
 0001:000063bc       ?System.Data.SQLite.SQLiteCommandBuilder.GetParameterPlaceholder@@20010O08 100073bc f   System.Data.SQLite.netmodule
 0001:000063d0       ?System.Data.SQLite.SQLiteCommandBuilder.SetRowUpdatingHandler@@200101128149 100073d0 f   System.Data.SQLite.netmodule
 0001:00006418       ?System.Data.SQLite.SQLiteCommandBuilder.RowUpdatingEventHandler@@2002011M12814N 10007418 f   System.Data.SQLite.netmodule
 0001:0000642c       ?System.Data.SQLite.SQLiteCommandBuilder.get_DataAdapter@@2000128104 1000742c f   System.Data.SQLite.netmodule
 0001:0000644c       ?System.Data.SQLite.SQLiteCommandBuilder.set_DataAdapter@@200101128104 1000744c f   System.Data.SQLite.netmodule
 0001:00006468       ?System.Data.SQLite.SQLiteCommandBuilder.GetDeleteCommand@@2000123M 10007468 f   System.Data.SQLite.netmodule
 0001:00006488       ?System.Data.SQLite.SQLiteCommandBuilder.GetDeleteCommand@@2001123M02 10007488 f   System.Data.SQLite.netmodule
 0001:000064a8       ?System.Data.SQLite.SQLiteCommandBuilder.GetUpdateCommand@@2000123M 100074a8 f   System.Data.SQLite.netmodule
 0001:000064c8       ?System.Data.SQLite.SQLiteCommandBuilder.GetUpdateCommand@@2001123M02 100074c8 f   System.Data.SQLite.netmodule
 0001:000064e8       ?System.Data.SQLite.SQLiteCommandBuilder.GetInsertCommand@@2000123M 100074e8 f   System.Data.SQLite.netmodule
 0001:00006508       ?System.Data.SQLite.SQLiteCommandBuilder.GetInsertCommand@@2001123M02 10007508 f   System.Data.SQLite.netmodule
 0001:00006528       ?System.Data.SQLite.SQLiteCommandBuilder.get_CatalogLocation@@2000118151 10007528 f   System.Data.SQLite.netmodule
 0001:00006544       ?System.Data.SQLite.SQLiteCommandBuilder.set_CatalogLocation@@200101118151 10007544 f   System.Data.SQLite.netmodule
 0001:00006560       ?System.Data.SQLite.SQLiteCommandBuilder.get_CatalogSeparator@@20000O 10007560 f   System.Data.SQLite.netmodule
 0001:0000657c       ?System.Data.SQLite.SQLiteCommandBuilder.set_CatalogSeparator@@2001010O 1000757c f   System.Data.SQLite.netmodule
 0001:00006598       ?System.Data.SQLite.SQLiteCommandBuilder.get_QuotePrefix@@20000O 10007598 f   System.Data.SQLite.netmodule
 0001:000065b4       ?System.Data.SQLite.SQLiteCommandBuilder.set_QuotePrefix@@2001010O 100075b4 f   System.Data.SQLite.netmodule
 0001:000065d0       ?System.Data.SQLite.SQLiteCommandBuilder.get_QuoteSuffix@@20000O 100075d0 f   System.Data.SQLite.netmodule
 0001:000065ec       ?System.Data.SQLite.SQLiteCommandBuilder.set_QuoteSuffix@@2001010O 100075ec f   System.Data.SQLite.netmodule
 0001:00006608       ?System.Data.SQLite.SQLiteCommandBuilder.QuoteIdentifier@@20010O0O 10007608 f   System.Data.SQLite.netmodule
 0001:00006670       ?System.Data.SQLite.SQLiteCommandBuilder.UnquoteIdentifier@@20010O0O 10007670 f   System.Data.SQLite.netmodule
 0001:00006714       ?System.Data.SQLite.SQLiteCommandBuilder.get_SchemaSeparator@@20000O 10007714 f   System.Data.SQLite.netmodule
 0001:00006730       ?System.Data.SQLite.SQLiteCommandBuilder.set_SchemaSeparator@@2001010O 10007730 f   System.Data.SQLite.netmodule
 0001:0000674c       ?System.Data.SQLite.SQLiteCommandBuilder.GetSchemaTable@@20011281551280M9 1000774c f   System.Data.SQLite.netmodule
 0001:000067a4       ?System.Data.SQLite.SQLiteCommandBuilder.HasSchemaPrimaryKey@@200102128155 100077a4 f   System.Data.SQLite.netmodule
 0001:00006828       ?System.Data.SQLite.SQLiteCommandBuilder.ResetIsUniqueSchemaColumn@@200101128155 10007828 f   System.Data.SQLite.netmodule
 0001:000068cc       ?System.Data.SQLite.SQLiteDataReaderValue..ctor@@200001 100078cc f   System.Data.SQLite.netmodule
 0001:000068e0       ?System.Data.SQLite.SQLiteReadEventArgs..ctor@@200001 100078e0 f   System.Data.SQLite.netmodule
 0001:000068f4       ?System.Data.SQLite.SQLiteReadBlobEventArgs..ctor@@20010102 100078f4 f   System.Data.SQLite.netmodule
 0001:00006910       ?System.Data.SQLite.SQLiteReadBlobEventArgs.get_ReadOnly@@200002 10007910 f   System.Data.SQLite.netmodule
 0001:00006924       ?System.Data.SQLite.SQLiteReadBlobEventArgs.set_ReadOnly@@20010102 10007924 f   System.Data.SQLite.netmodule
 0001:00006938       ?System.Data.SQLite.SQLiteReadArrayEventArgs..ctor@@2004010K1N050808 10007938 f   System.Data.SQLite.netmodule
 0001:00006968       ?System.Data.SQLite.SQLiteReadArrayEventArgs..ctor@@2004010K1N030808 10007968 f   System.Data.SQLite.netmodule
 0001:00006998       ?System.Data.SQLite.SQLiteReadArrayEventArgs.get_DataOffset@@20000K 10007998 f   System.Data.SQLite.netmodule
 0001:000069ac       ?System.Data.SQLite.SQLiteReadArrayEventArgs.set_DataOffset@@2001010K 100079ac f   System.Data.SQLite.netmodule
 0001:000069c0       ?System.Data.SQLite.SQLiteReadArrayEventArgs.get_ByteBuffer@@20001N05 100079c0 f   System.Data.SQLite.netmodule
 0001:000069d4       ?System.Data.SQLite.SQLiteReadArrayEventArgs.get_CharBuffer@@20001N03 100079d4 f   System.Data.SQLite.netmodule
 0001:000069e8       ?System.Data.SQLite.SQLiteReadArrayEventArgs.get_BufferOffset@@200008 100079e8 f   System.Data.SQLite.netmodule
 0001:000069fc       ?System.Data.SQLite.SQLiteReadArrayEventArgs.set_BufferOffset@@20010108 100079fc f   System.Data.SQLite.netmodule
 0001:00006a10       ?System.Data.SQLite.SQLiteReadArrayEventArgs.get_Length@@200008 10007a10 f   System.Data.SQLite.netmodule
 0001:00006a24       ?System.Data.SQLite.SQLiteReadArrayEventArgs.set_Length@@20010108 10007a24 f   System.Data.SQLite.netmodule
 0001:00006a38       ?System.Data.SQLite.SQLiteReadValueEventArgs..ctor@@2003010O12481244 10007a38 f   System.Data.SQLite.netmodule
 0001:00006a60       ?System.Data.SQLite.SQLiteReadValueEventArgs.get_MethodName@@20000O 10007a60 f   System.Data.SQLite.netmodule
 0001:00006a74       ?System.Data.SQLite.SQLiteReadValueEventArgs.get_ExtraEventArgs@@20001248 10007a74 f   System.Data.SQLite.netmodule
 0001:00006a88       ?System.Data.SQLite.SQLiteReadValueEventArgs.get_Value@@20001244 10007a88 f   System.Data.SQLite.netmodule
 0001:00006a9c       ?System.Data.SQLite.SQLiteTypeCallbacks..ctor@@2004011258125M1M1M 10007a9c f   System.Data.SQLite.netmodule
 0001:00006acc       ?System.Data.SQLite.SQLiteTypeCallbacks.Create@@000412601258125M1M1M 10007acc f   System.Data.SQLite.netmodule
 0001:00006ae4       ?System.Data.SQLite.SQLiteTypeCallbacks.get_TypeName@@20000O 10007ae4 f   System.Data.SQLite.netmodule
 0001:00006af8       ?System.Data.SQLite.SQLiteTypeCallbacks.set_TypeName@@2001010O 10007af8 f   System.Data.SQLite.netmodule
 0001:00006b0c       ?System.Data.SQLite.SQLiteTypeCallbacks.get_BindValueCallback@@20001258 10007b0c f   System.Data.SQLite.netmodule
 0001:00006b20       ?System.Data.SQLite.SQLiteTypeCallbacks.get_ReadValueCallback@@2000125M 10007b20 f   System.Data.SQLite.netmodule
 0001:00006b34       ?System.Data.SQLite.SQLiteTypeCallbacks.get_BindValueUserData@@20001M 10007b34 f   System.Data.SQLite.netmodule
 0001:00006b48       ?System.Data.SQLite.SQLiteTypeCallbacks.get_ReadValueUserData@@20001M 10007b48 f   System.Data.SQLite.netmodule
 0001:00006b5c       ?System.Data.SQLite.SQLiteTypeCallbacksMap..ctor@@200001 10007b5c f   System.Data.SQLite.netmodule
 0001:00006b74       ?System.Data.SQLite.ConnectionEventArgs..ctor@@2008011180N412816N1281711281751281591281790O1M 10007b74 f   System.Data.SQLite.netmodule
 0001:00006bc4       ?System.Data.SQLite.SQLiteConnection.add__handlers@@000101126M 10007bc4 f   System.Data.SQLite.netmodule
 0001:00006bf8       ?System.Data.SQLite.SQLiteConnection.remove__handlers@@000101126M 10007bf8 f   System.Data.SQLite.netmodule
 0001:00006c2c       ?System.Data.SQLite.SQLiteConnection.add__progressHandler@@200101128090 10007c2c f   System.Data.SQLite.netmodule
 0001:00006c64       ?System.Data.SQLite.SQLiteConnection.remove__progressHandler@@200101128090 10007c64 f   System.Data.SQLite.netmodule
 0001:00006c9c       ?System.Data.SQLite.SQLiteConnection.add__authorizerHandler@@200101128094 10007c9c f   System.Data.SQLite.netmodule
 0001:00006cd4       ?System.Data.SQLite.SQLiteConnection.remove__authorizerHandler@@200101128094 10007cd4 f   System.Data.SQLite.netmodule
 0001:00006d0c       ?System.Data.SQLite.SQLiteConnection.add__updateHandler@@20010112809M 10007d0c f   System.Data.SQLite.netmodule
 0001:00006d44       ?System.Data.SQLite.SQLiteConnection.remove__updateHandler@@20010112809M 10007d44 f   System.Data.SQLite.netmodule
 0001:00006d7c       ?System.Data.SQLite.SQLiteConnection.add__commitHandler@@200101128098 10007d7c f   System.Data.SQLite.netmodule
 0001:00006db4       ?System.Data.SQLite.SQLiteConnection.remove__commitHandler@@200101128098 10007db4 f   System.Data.SQLite.netmodule
 0001:00006dec       ?System.Data.SQLite.SQLiteConnection.add__traceHandler@@2001011280K0 10007dec f   System.Data.SQLite.netmodule
 0001:00006e24       ?System.Data.SQLite.SQLiteConnection.remove__traceHandler@@2001011280K0 10007e24 f   System.Data.SQLite.netmodule
 0001:00006e5c       ?System.Data.SQLite.SQLiteConnection.add__rollbackHandler@@20010112817N 10007e5c f   System.Data.SQLite.netmodule
 0001:00006e94       ?System.Data.SQLite.SQLiteConnection.remove__rollbackHandler@@20010112817N 10007e94 f   System.Data.SQLite.netmodule
 0001:00006ecc       ?System.Data.SQLite.SQLiteConnection.add_StateChange@@200101128181 10007ecc f   System.Data.SQLite.netmodule
 0001:00006f04       ?System.Data.SQLite.SQLiteConnection.remove_StateChange@@200101128181 10007f04 f   System.Data.SQLite.netmodule
 0001:00006f3c       ?System.Data.SQLite.SQLiteConnection..ctor@@200001 10007f3c f   System.Data.SQLite.netmodule
 0001:00006f50       ?System.Data.SQLite.SQLiteConnection..ctor@@2001010O 10007f50 f   System.Data.SQLite.netmodule
 0001:00006f68       ?System.Data.SQLite.SQLiteConnection..ctor@@200301180O02 10007f68 f   System.Data.SQLite.netmodule
 0001:00006fb4       ?System.Data.SQLite.SQLiteConnection..ctor@@2002010O02 10007fb4 f   System.Data.SQLite.netmodule
 0001:0000704c       ?System.Data.SQLite.SQLiteConnection..ctor@@2001011270 1000804c f   System.Data.SQLite.netmodule
 0001:00007194       ?System.Data.SQLite.SQLiteConnection.OnChanged@@00020112701268 10008194 f   System.Data.SQLite.netmodule
 0001:0000720c       ?System.Data.SQLite.SQLiteConnection.add_Changed@@000101126M 1000820c f   System.Data.SQLite.netmodule
 0001:00007260       ?System.Data.SQLite.SQLiteConnection.remove_Changed@@000101126M 10008260 f   System.Data.SQLite.netmodule
 0001:000072ac       ?System.Data.SQLite.SQLiteConnection.get_ConnectionPool@@00001280M0 100082ac f   System.Data.SQLite.netmodule
 0001:000072c0       ?System.Data.SQLite.SQLiteConnection.set_ConnectionPool@@0001011280M0 100082c0 f   System.Data.SQLite.netmodule
 0001:000072d4       ?System.Data.SQLite.SQLiteConnection.CreateHandle@@00011M18 100082d4 f   System.Data.SQLite.netmodule
 0001:0000734c       ?System.Data.SQLite.SQLiteConnection.BackupDatabase@@20060112700O0O081280K408 1000834c f   System.Data.SQLite.netmodule
 0001:00007494       ?System.Data.SQLite.SQLiteConnection.ClearCachedSettings@@200008 10008494 f   System.Data.SQLite.netmodule
 0001:000074cc       ?System.Data.SQLite.SQLiteConnection.TryGetCachedSetting@@2003020O1M101M 100084cc f   System.Data.SQLite.netmodule
 0001:000074f8       ?System.Data.SQLite.SQLiteConnection.SetCachedSetting@@2002010O1M 100084f8 f   System.Data.SQLite.netmodule
 0001:00007520       ?System.Data.SQLite.SQLiteConnection.ClearTypeMappings@@200008 10008520 f   System.Data.SQLite.netmodule
 0001:0000754c       ?System.Data.SQLite.SQLiteConnection.GetTypeMappings@@2000151271020O1M 1000854c f   System.Data.SQLite.netmodule
 0001:00007628       ?System.Data.SQLite.SQLiteConnection.AddTypeMapping@@2003080O11818502 10008628 f   System.Data.SQLite.netmodule
 0001:000076b4       ?System.Data.SQLite.SQLiteConnection.ClearTypeCallbacks@@200008 100086b4 f   System.Data.SQLite.netmodule
 0001:000076ec       ?System.Data.SQLite.SQLiteConnection.TryGetTypeCallbacks@@2002020O101260 100086ec f   System.Data.SQLite.netmodule
 0001:00007728       ?System.Data.SQLite.SQLiteConnection.SetTypeCallbacks@@2002020O1260 10008728 f   System.Data.SQLite.netmodule
 0001:00007778       ?System.Data.SQLite.SQLiteConnection.BindFunction@@20020112815412811M 10008778 f   System.Data.SQLite.netmodule
 0001:000077b4       ?System.Data.SQLite.SQLiteConnection.BindFunction@@20030112815412819N12819N 100087b4 f   System.Data.SQLite.netmodule
 0001:000077f4       ?System.Data.SQLite.SQLiteConnection.UnbindFunction@@200102128154 100087f4 f   System.Data.SQLite.netmodule
 0001:0000782c       ?System.Data.SQLite.SQLiteConnection.UnbindAllFunctions@@20010202 1000882c f   System.Data.SQLite.netmodule
 0001:00007864       ?System.Data.SQLite.SQLiteConnection.Check@@0001011270 10008864 f   System.Data.SQLite.netmodule
 0001:000078ec       ?System.Data.SQLite.SQLiteConnection.ParseConnectionString@@0003151281K1020O0O0O0202 100088ec f   System.Data.SQLite.netmodule
 0001:00007904       ?System.Data.SQLite.SQLiteConnection.ParseConnectionString@@0004151281K1020O0O12700O0202 10008904 f   System.Data.SQLite.netmodule
 0001:00007928       ?System.Data.SQLite.SQLiteConnection.SetupSQLiteBase@@200101151281K1020O0O 10008928 f   System.Data.SQLite.netmodule
 0001:00007a08       ?System.Data.SQLite.SQLiteConnection.Dispose@@200001 10008a08 f   System.Data.SQLite.netmodule
 0001:00007a24       ?System.Data.SQLite.SQLiteConnection.CheckDisposed@@200001 10008a24 f   System.Data.SQLite.netmodule
 0001:00007a50       ?System.Data.SQLite.SQLiteConnection.Dispose@@20010102 10008a50 f   System.Data.SQLite.netmodule
 0001:00007ae0       ?System.Data.SQLite.SQLiteConnection.Clone@@20001M 10008ae0 f   System.Data.SQLite.netmodule
 0001:00007afc       ?System.Data.SQLite.SQLiteConnection.CreateFile@@0001010O 10008afc f   System.Data.SQLite.netmodule
 0001:00007b14       ?System.Data.SQLite.SQLiteConnection.OnStateChange@@2002011181991012816N 10008b14 f   System.Data.SQLite.netmodule
 0001:00007b54       ?System.Data.SQLite.SQLiteConnection.GetFallbackDefaultIsolationLevel@@0000118189 10008b54 f   System.Data.SQLite.netmodule
 0001:00007b68       ?System.Data.SQLite.SQLiteConnection.GetDefaultIsolationLevel@@2000118189 10008b68 f   System.Data.SQLite.netmodule
 0001:00007b7c       ?System.Data.SQLite.SQLiteConnection.BeginTransaction@@200212817811818902 10008b7c f   System.Data.SQLite.netmodule
 0001:00007bac       ?System.Data.SQLite.SQLiteConnection.BeginTransaction@@200112817802 10008bac f   System.Data.SQLite.netmodule
 0001:00007bdc       ?System.Data.SQLite.SQLiteConnection.BeginTransaction@@2001128178118189 10008bdc f   System.Data.SQLite.netmodule
 0001:00007bfc       ?System.Data.SQLite.SQLiteConnection.BeginTransaction@@2000128178 10008bfc f   System.Data.SQLite.netmodule
 0001:00007c20       ?System.Data.SQLite.SQLiteConnection.BeginDbTransaction@@2001128101118189 10008c20 f   System.Data.SQLite.netmodule
 0001:00007c94       ?System.Data.SQLite.SQLiteConnection.ChangeDatabase@@2001010O 10008c94 f   System.Data.SQLite.netmodule
 0001:00007cc0       ?System.Data.SQLite.SQLiteConnection.Close@@200001 10008cc0 f   System.Data.SQLite.netmodule
 0001:00007db0       ?System.Data.SQLite.SQLiteConnection.get_PoolCount@@200008 10008db0 f   System.Data.SQLite.netmodule
 0001:00007dd4       ?System.Data.SQLite.SQLiteConnection.ClearPool@@0001011270 10008dd4 f   System.Data.SQLite.netmodule
 0001:00007df8       ?System.Data.SQLite.SQLiteConnection.ClearAllPools@@000001 10008df8 f   System.Data.SQLite.netmodule
 0001:00007e0c       ?System.Data.SQLite.SQLiteConnection.get_ConnectionString@@20000O 10008e0c f   System.Data.SQLite.netmodule
 0001:00007e28       ?System.Data.SQLite.SQLiteConnection.set_ConnectionString@@2001010O 10008e28 f   System.Data.SQLite.netmodule
 0001:00007e5c       ?System.Data.SQLite.SQLiteConnection.CreateCommand@@2000123M 10008e5c f   System.Data.SQLite.netmodule
 0001:00007e78       ?System.Data.SQLite.SQLiteConnection.CreateDbCommand@@20001280M9 10008e78 f   System.Data.SQLite.netmodule
 0001:00007e8c       ?System.Data.SQLite.SQLiteConnection.get_DataSource@@20000O 10008e8c f   System.Data.SQLite.netmodule
 0001:00007ea8       ?System.Data.SQLite.SQLiteConnection.get_FileName@@20000O 10008ea8 f   System.Data.SQLite.netmodule
 0001:00007ee0       ?System.Data.SQLite.SQLiteConnection.get_Database@@20000O 10008ee0 f   System.Data.SQLite.netmodule
 0001:00007ef8       ?System.Data.SQLite.SQLiteConnection.MapUriPath@@00010O0O 10008ef8 f   System.Data.SQLite.netmodule
 0001:00007f4c       ?System.Data.SQLite.SQLiteConnection.ShouldUseLegacyConnectionStringParser@@0001021270 10008f4c f   System.Data.SQLite.netmodule
 0001:00007f8c       ?System.Data.SQLite.SQLiteConnection.ParseConnectionString@@0002151281K1020O0O0O02 10008f8c f   System.Data.SQLite.netmodule
 0001:00007fa4       ?System.Data.SQLite.SQLiteConnection.ParseConnectionString@@0003151281K1020O0O12700O02 10008fa4 f   System.Data.SQLite.netmodule
 0001:000080d0       ?System.Data.SQLite.SQLiteConnection.ParseConnectionStringViaFramework@@0003151281K1020O0O12700O02 100090d0 f   System.Data.SQLite.netmodule
 0001:00008190       ?System.Data.SQLite.SQLiteConnection.EnlistTransaction@@2001011281KN 10009190 f   System.Data.SQLite.netmodule
 0001:00008250       ?System.Data.SQLite.SQLiteConnection.FindKey@@00030O151281K1020O0O0O0O 10009250 f   System.Data.SQLite.netmodule
 0001:000082b0       ?System.Data.SQLite.SQLiteConnection.TryParseEnum@@00031M1280L10O02 100092b0 f   System.Data.SQLite.netmodule
 0001:000082f4       ?System.Data.SQLite.SQLiteConnection.TryParseByte@@0003020O1181L11005 100092f4 f   System.Data.SQLite.netmodule
 0001:0000830c       ?System.Data.SQLite.SQLiteConnection.SetConfigurationOption@@200201113002 1000930c f   System.Data.SQLite.netmodule
 0001:0000838c       ?System.Data.SQLite.SQLiteConnection.EnableExtensions@@20010102 1000938c f   System.Data.SQLite.netmodule
 0001:00008400       ?System.Data.SQLite.SQLiteConnection.LoadExtension@@2001010O 10009400 f   System.Data.SQLite.netmodule
 0001:0000841c       ?System.Data.SQLite.SQLiteConnection.LoadExtension@@2002010O0O 1000941c f   System.Data.SQLite.netmodule
 0001:00008470       ?System.Data.SQLite.SQLiteConnection.CreateModule@@2001011281P4 10009470 f   System.Data.SQLite.netmodule
 0001:000084c8       ?System.Data.SQLite.SQLiteConnection.FromHexString@@00011N050O 100094c8 f   System.Data.SQLite.netmodule
 0001:000084e0       ?System.Data.SQLite.SQLiteConnection.ToHexString@@00010O1N05 100094e0 f   System.Data.SQLite.netmodule
 0001:00008524       ?System.Data.SQLite.SQLiteConnection.FromHexString@@00021N050O100O 10009524 f   System.Data.SQLite.netmodule
 0001:000085ac       ?System.Data.SQLite.SQLiteConnection.GetDefaultPooling@@200002 100095ac f   System.Data.SQLite.netmodule
 0001:00008620       ?System.Data.SQLite.SQLiteConnection.GetEffectiveIsolationLevel@@2001118189118189 10009620 f   System.Data.SQLite.netmodule
 0001:0000869c       ?System.Data.SQLite.SQLiteConnection.Open@@200001 1000969c f   System.Data.SQLite.netmodule
 0001:00009178       ?System.Data.SQLite.SQLiteConnection.OpenAndReturn@@20001270 1000a178 f   System.Data.SQLite.netmodule
 0001:00009194       ?System.Data.SQLite.SQLiteConnection.get_DefaultTimeout@@200008 1000a194 f   System.Data.SQLite.netmodule
 0001:000091b0       ?System.Data.SQLite.SQLiteConnection.set_DefaultTimeout@@20010108 1000a1b0 f   System.Data.SQLite.netmodule
 0001:000091cc       ?System.Data.SQLite.SQLiteConnection.get_BusyTimeout@@200008 1000a1cc f   System.Data.SQLite.netmodule
 0001:000091e8       ?System.Data.SQLite.SQLiteConnection.set_BusyTimeout@@20010108 1000a1e8 f   System.Data.SQLite.netmodule
 0001:00009204       ?System.Data.SQLite.SQLiteConnection.get_PrepareRetries@@200008 1000a204 f   System.Data.SQLite.netmodule
 0001:00009220       ?System.Data.SQLite.SQLiteConnection.set_PrepareRetries@@20010108 1000a220 f   System.Data.SQLite.netmodule
 0001:0000923c       ?System.Data.SQLite.SQLiteConnection.get_ProgressOps@@200008 1000a23c f   System.Data.SQLite.netmodule
 0001:00009258       ?System.Data.SQLite.SQLiteConnection.set_ProgressOps@@20010108 1000a258 f   System.Data.SQLite.netmodule
 0001:00009274       ?System.Data.SQLite.SQLiteConnection.get_ParseViaFramework@@200002 1000a274 f   System.Data.SQLite.netmodule
 0001:00009290       ?System.Data.SQLite.SQLiteConnection.set_ParseViaFramework@@20010102 1000a290 f   System.Data.SQLite.netmodule
 0001:000092ac       ?System.Data.SQLite.SQLiteConnection.get_Flags@@2000112M 1000a2ac f   System.Data.SQLite.netmodule
 0001:000092c8       ?System.Data.SQLite.SQLiteConnection.set_Flags@@200101112M 1000a2c8 f   System.Data.SQLite.netmodule
 0001:000092e4       ?System.Data.SQLite.SQLiteConnection.get_DefaultDbType@@200015117501118185 1000a2e4 f   System.Data.SQLite.netmodule
 0001:00009300       ?System.Data.SQLite.SQLiteConnection.set_DefaultDbType@@20010115117501118185 1000a300 f   System.Data.SQLite.netmodule
 0001:0000931c       ?System.Data.SQLite.SQLiteConnection.get_DefaultTypeName@@20000O 1000a31c f   System.Data.SQLite.netmodule
 0001:00009338       ?System.Data.SQLite.SQLiteConnection.set_DefaultTypeName@@2001010O 1000a338 f   System.Data.SQLite.netmodule
 0001:00009354       ?System.Data.SQLite.SQLiteConnection.get_VfsName@@20000O 1000a354 f   System.Data.SQLite.netmodule
 0001:00009370       ?System.Data.SQLite.SQLiteConnection.set_VfsName@@2001010O 1000a370 f   System.Data.SQLite.netmodule
 0001:0000938c       ?System.Data.SQLite.SQLiteConnection.get_OwnHandle@@200002 1000a38c f   System.Data.SQLite.netmodule
 0001:000093c0       ?System.Data.SQLite.SQLiteConnection.get_ServerVersion@@20000O 1000a3c0 f   System.Data.SQLite.netmodule
 0001:000093d8       ?System.Data.SQLite.SQLiteConnection.get_LastInsertRowId@@20000K 1000a3d8 f   System.Data.SQLite.netmodule
 0001:0000940c       ?System.Data.SQLite.SQLiteConnection.Cancel@@200001 1000a40c f   System.Data.SQLite.netmodule
 0001:00009440       ?System.Data.SQLite.SQLiteConnection.get_Changes@@200008 1000a440 f   System.Data.SQLite.netmodule
 0001:00009474       ?System.Data.SQLite.SQLiteConnection.IsReadOnly@@2001020O 1000a474 f   System.Data.SQLite.netmodule
 0001:000094a8       ?System.Data.SQLite.SQLiteConnection.get_AutoCommit@@200002 1000a4a8 f   System.Data.SQLite.netmodule
 0001:000094dc       ?System.Data.SQLite.SQLiteConnection.get_MemoryUsed@@20000K 1000a4dc f   System.Data.SQLite.netmodule
 0001:00009510       ?System.Data.SQLite.SQLiteConnection.get_MemoryHighwater@@20000K 1000a510 f   System.Data.SQLite.netmodule
 0001:00009544       ?System.Data.SQLite.SQLiteConnection.GetMemoryStatistics@@0001011015128091020O0K 1000a544 f   System.Data.SQLite.netmodule
 0001:00009580       ?System.Data.SQLite.SQLiteConnection.ReleaseMemory@@200001 1000a580 f   System.Data.SQLite.netmodule
 0001:000095cc       ?System.Data.SQLite.SQLiteConnection.ReleaseMemory@@0006118114080202100810021009 1000a5cc f   System.Data.SQLite.netmodule
 0001:000095e8       ?System.Data.SQLite.SQLiteConnection.SetMemoryStatus@@000111811402 1000a5e8 f   System.Data.SQLite.netmodule
 0001:000095fc       ?System.Data.SQLite.SQLiteConnection.get_DefineConstants@@00000O 1000a5fc f   System.Data.SQLite.netmodule
 0001:00009610       ?System.Data.SQLite.SQLiteConnection.get_SQLiteVersion@@00000O 1000a610 f   System.Data.SQLite.netmodule
 0001:00009624       ?System.Data.SQLite.SQLiteConnection.get_SQLiteSourceId@@00000O 1000a624 f   System.Data.SQLite.netmodule
 0001:00009638       ?System.Data.SQLite.SQLiteConnection.get_SQLiteCompileOptions@@00000O 1000a638 f   System.Data.SQLite.netmodule
 0001:0000964c       ?System.Data.SQLite.SQLiteConnection.get_InteropVersion@@00000O 1000a64c f   System.Data.SQLite.netmodule
 0001:00009660       ?System.Data.SQLite.SQLiteConnection.get_InteropSourceId@@00000O 1000a660 f   System.Data.SQLite.netmodule
 0001:00009674       ?System.Data.SQLite.SQLiteConnection.get_InteropCompileOptions@@00000O 1000a674 f   System.Data.SQLite.netmodule
 0001:00009688       ?System.Data.SQLite.SQLiteConnection.get_ProviderVersion@@00000O 1000a688 f   System.Data.SQLite.netmodule
 0001:000096b8       ?System.Data.SQLite.SQLiteConnection.get_ProviderSourceId@@00000O 1000a6b8 f   System.Data.SQLite.netmodule
 0001:00009784       ?System.Data.SQLite.SQLiteConnection.TryGetLastCachedSetting@@0003020O1M101M 1000a784 f   System.Data.SQLite.netmodule
 0001:000097ac       ?System.Data.SQLite.SQLiteConnection.get_DefaultFlags@@0000112M 1000a7ac f   System.Data.SQLite.netmodule
 0001:00009808       ?System.Data.SQLite.SQLiteConnection.get_SharedFlags@@0000112M 1000a808 f   System.Data.SQLite.netmodule
 0001:00009854       ?System.Data.SQLite.SQLiteConnection.set_SharedFlags@@000101112M 1000a854 f   System.Data.SQLite.netmodule
 0001:000098a0       ?System.Data.SQLite.SQLiteConnection.get_State@@2000118199 1000a8a0 f   System.Data.SQLite.netmodule
 0001:000098bc       ?System.Data.SQLite.SQLiteConnection.Shutdown@@2000118114 1000a8bc f   System.Data.SQLite.netmodule
 0001:000098fc       ?System.Data.SQLite.SQLiteConnection.Shutdown@@0002010202 1000a8fc f   System.Data.SQLite.netmodule
 0001:00009920       ?System.Data.SQLite.SQLiteConnection.SetExtendedResultCodes@@20010102 1000a920 f   System.Data.SQLite.netmodule
 0001:00009948       ?System.Data.SQLite.SQLiteConnection.ResultCode@@2000118114 1000a948 f   System.Data.SQLite.netmodule
 0001:0000997c       ?System.Data.SQLite.SQLiteConnection.ExtendedResultCode@@2000118114 1000a97c f   System.Data.SQLite.netmodule
 0001:000099b0       ?System.Data.SQLite.SQLiteConnection.LogMessage@@2002011181140O 1000a9b0 f   System.Data.SQLite.netmodule
 0001:000099e4       ?System.Data.SQLite.SQLiteConnection.LogMessage@@200201080O 1000a9e4 f   System.Data.SQLite.netmodule
 0001:00009a18       ?System.Data.SQLite.SQLiteConnection.ChangePassword@@2001010O 1000aa18 f   System.Data.SQLite.netmodule
 0001:00009a48       ?System.Data.SQLite.SQLiteConnection.ChangePassword@@2001011N05 1000aa48 f   System.Data.SQLite.netmodule
 0001:00009a7c       ?System.Data.SQLite.SQLiteConnection.SetPassword@@2001010O 1000aa7c f   System.Data.SQLite.netmodule
 0001:00009aac       ?System.Data.SQLite.SQLiteConnection.SetPassword@@2001011N05 1000aaac f   System.Data.SQLite.netmodule
 0001:00009ae4       ?System.Data.SQLite.SQLiteConnection.SetAvRetry@@200211811410081008 1000aae4 f   System.Data.SQLite.netmodule
 0001:00009b84       ?System.Data.SQLite.SQLiteConnection.SetChunkSize@@200111811408 1000ab84 f   System.Data.SQLite.netmodule
 0001:00009c04       ?System.Data.SQLite.SQLiteConnection.UnwrapString@@00010O0O 1000ac04 f   System.Data.SQLite.netmodule
 0001:00009c60       ?System.Data.SQLite.SQLiteConnection.GetDataDirectory@@00000O 1000ac60 f   System.Data.SQLite.netmodule
 0001:00009c98       ?System.Data.SQLite.SQLiteConnection.ExpandFileName@@00020O0O02 1000ac98 f   System.Data.SQLite.netmodule
 0001:00009d38       ?System.Data.SQLite.SQLiteConnection.GetSchema@@2000128155 1000ad38 f   System.Data.SQLite.netmodule
 0001:00009d58       ?System.Data.SQLite.SQLiteConnection.GetSchema@@20011281550O 1000ad58 f   System.Data.SQLite.netmodule
 0001:00009d78       ?System.Data.SQLite.SQLiteConnection.GetSchema@@20021281550O1N0O 1000ad78 f   System.Data.SQLite.netmodule
 0001:0000a070       ?System.Data.SQLite.SQLiteConnection.Schema_ReservedWords@@0000128155 1000b070 f   System.Data.SQLite.netmodule
 0001:0000a13c       ?System.Data.SQLite.SQLiteConnection.Schema_MetaDataCollections@@0000128155 1000b13c f   System.Data.SQLite.netmodule
 0001:0000a1dc       ?System.Data.SQLite.SQLiteConnection.Schema_DataSourceInformation@@2000128155 1000b1dc f   System.Data.SQLite.netmodule
 0001:0000a49c       ?System.Data.SQLite.SQLiteConnection.Schema_Columns@@20031281550O0O0O 1000b49c f   System.Data.SQLite.netmodule
 0001:0000abec       ?System.Data.SQLite.SQLiteConnection.Schema_Indexes@@20031281550O0O0O 1000bbec f   System.Data.SQLite.netmodule
 0001:0000b460       ?System.Data.SQLite.SQLiteConnection.Schema_Triggers@@20031281550O0O0O 1000c460 f   System.Data.SQLite.netmodule
 0001:0000b658       ?System.Data.SQLite.SQLiteConnection.Schema_Tables@@20031281550O0O0O 1000c658 f   System.Data.SQLite.netmodule
 0001:0000b8cc       ?System.Data.SQLite.SQLiteConnection.Schema_Views@@20021281550O0O 1000c8cc f   System.Data.SQLite.netmodule
 0001:0000bb68       ?System.Data.SQLite.SQLiteConnection.Schema_Catalogs@@20011281550O 1000cb68 f   System.Data.SQLite.netmodule
 0001:0000bcbc       ?System.Data.SQLite.SQLiteConnection.Schema_DataTypes@@2000128155 1000ccbc f   System.Data.SQLite.netmodule
 0001:0000bf5c       ?System.Data.SQLite.SQLiteConnection.Schema_IndexColumns@@20041281550O0O0O0O 1000cf5c f   System.Data.SQLite.netmodule
 0001:0000c63c       ?System.Data.SQLite.SQLiteConnection.Schema_ViewColumns@@20031281550O0O0O 1000d63c f   System.Data.SQLite.netmodule
 0001:0000cdfc       ?System.Data.SQLite.SQLiteConnection.Schema_ForeignKeys@@20031281550O0O0O 1000ddfc f   System.Data.SQLite.netmodule
 0001:0000d3ac       ?System.Data.SQLite.SQLiteConnection.add_Progress@@200101128090 1000e3ac f   System.Data.SQLite.netmodule
 0001:0000d400       ?System.Data.SQLite.SQLiteConnection.remove_Progress@@200101128090 1000e400 f   System.Data.SQLite.netmodule
 0001:0000d440       ?System.Data.SQLite.SQLiteConnection.add_Authorize@@200101128094 1000e440 f   System.Data.SQLite.netmodule
 0001:0000d490       ?System.Data.SQLite.SQLiteConnection.remove_Authorize@@200101128094 1000e490 f   System.Data.SQLite.netmodule
 0001:0000d4d0       ?System.Data.SQLite.SQLiteConnection.add_Update@@20010112809M 1000e4d0 f   System.Data.SQLite.netmodule
 0001:0000d520       ?System.Data.SQLite.SQLiteConnection.remove_Update@@20010112809M 1000e520 f   System.Data.SQLite.netmodule
 0001:0000d560       ?System.Data.SQLite.SQLiteConnection.ProgressCallback@@20011180OM18 1000e560 f   System.Data.SQLite.netmodule
 0001:0000d61c       ?System.Data.SQLite.SQLiteConnection.AuthorizerCallback@@20061180P0181180O818181818 1000e61c f   System.Data.SQLite.netmodule
 0001:0000d6f8       ?System.Data.SQLite.SQLiteConnection.UpdateCallback@@200501180818180K 1000e6f8 f   System.Data.SQLite.netmodule
 0001:0000d798       ?System.Data.SQLite.SQLiteConnection.add_Commit@@200101128098 1000e798 f   System.Data.SQLite.netmodule
 0001:0000d7e8       ?System.Data.SQLite.SQLiteConnection.remove_Commit@@200101128098 1000e7e8 f   System.Data.SQLite.netmodule
 0001:0000d828       ?System.Data.SQLite.SQLiteConnection.add_Trace@@2001011280K0 1000e828 f   System.Data.SQLite.netmodule
 0001:0000d878       ?System.Data.SQLite.SQLiteConnection.remove_Trace@@2001011280K0 1000e878 f   System.Data.SQLite.netmodule
 0001:0000d8b8       ?System.Data.SQLite.SQLiteConnection.TraceCallback@@2002011818 1000e8b8 f   System.Data.SQLite.netmodule
 0001:0000d954       ?System.Data.SQLite.SQLiteConnection.add_RollBack@@20010112817N 1000e954 f   System.Data.SQLite.netmodule
 0001:0000d9a4       ?System.Data.SQLite.SQLiteConnection.remove_RollBack@@20010112817N 1000e9a4 f   System.Data.SQLite.netmodule
 0001:0000d9e4       ?System.Data.SQLite.SQLiteConnection.CommitCallback@@20010818 1000e9e4 f   System.Data.SQLite.netmodule
 0001:0000daa4       ?System.Data.SQLite.SQLiteConnection.RollbackCallback@@20010118 1000eaa4 f   System.Data.SQLite.netmodule
 0001:0000db38       ?System.Data.SQLite.SQLiteConnection.get_DbProviderFactory@@20001281L9 1000eb38 f   System.Data.SQLite.netmodule
 0001:0000db4c       ?System.Data.SQLite.SQLiteConnection..cctor@@000001 1000eb4c f   System.Data.SQLite.netmodule
 0001:0000db78       ?System.Data.SQLite.ProgressEventArgs..ctor@@200001 1000eb78 f   System.Data.SQLite.netmodule
 0001:0000dba0       ?System.Data.SQLite.ProgressEventArgs..ctor@@200201181180OM 1000eba0 f   System.Data.SQLite.netmodule
 0001:0000dbc4       ?System.Data.SQLite.AuthorizerEventArgs..ctor@@200001 1000ebc4 f   System.Data.SQLite.netmodule
 0001:0000dc0c       ?System.Data.SQLite.AuthorizerEventArgs..ctor@@200701181180O80O0O0O0O1180P0 1000ec0c f   System.Data.SQLite.netmodule
 0001:0000dc54       ?System.Data.SQLite.UpdateEventArgs..ctor@@2004010O0O1180L00K 1000ec54 f   System.Data.SQLite.netmodule
 0001:0000dc84       ?System.Data.SQLite.CommitEventArgs..ctor@@200001 1000ec84 f   System.Data.SQLite.netmodule
 0001:0000dc98       ?System.Data.SQLite.TraceEventArgs..ctor@@2001010O 1000ec98 f   System.Data.SQLite.netmodule
 0001:0000dcb4       ?System.Data.SQLite.SQLiteConnectionPool.GetCounts@@0005010O10151271020O08100810081008 1000ecb4 f   System.Data.SQLite.netmodule
 0001:0000ddf0       ?System.Data.SQLite.SQLiteConnectionPool.ClearPool@@0001010O 1000edf0 f   System.Data.SQLite.netmodule
 0001:0000dea8       ?System.Data.SQLite.SQLiteConnectionPool.ClearAllPools@@000001 1000eea8 f   System.Data.SQLite.netmodule
 0001:0000dfc0       ?System.Data.SQLite.SQLiteConnectionPool.Add@@0003010O12819008 1000efc0 f   System.Data.SQLite.netmodule
 0001:0000e06c       ?System.Data.SQLite.SQLiteConnectionPool.Remove@@00031281900O081008 1000f06c f   System.Data.SQLite.netmodule
 0001:0000e274       ?System.Data.SQLite.SQLiteConnectionPool.GetConnectionPool@@00001280M0 1000f274 f   System.Data.SQLite.netmodule
 0001:0000e2c0       ?System.Data.SQLite.SQLiteConnectionPool.SetConnectionPool@@0001011280M0 1000f2c0 f   System.Data.SQLite.netmodule
 0001:0000e30c       ?System.Data.SQLite.SQLiteConnectionPool.ResizePool@@00020112821402 1000f30c f   System.Data.SQLite.netmodule
[...]
               exported name: sqlite3_column_count
       55    _sqlite3_column_database_name
               exported name: sqlite3_column_database_name
       56    _sqlite3_column_database_name16
               exported name: sqlite3_column_database_name16
       57    _sqlite3_column_database_name16_interop@12
       58    _sqlite3_column_database_name_interop@12
       59    _sqlite3_column_decltype
               exported name: sqlite3_column_decltype
       60    _sqlite3_column_decltype16
               exported name: sqlite3_column_decltype16
       61    _sqlite3_column_decltype16_interop@12
       62    _sqlite3_column_decltype_interop@12
       63    _sqlite3_column_double
               exported name: sqlite3_column_double
       64    _sqlite3_column_double_interop@12
       65    _sqlite3_column_int
               exported name: sqlite3_column_int
       66    _sqlite3_column_int64
               exported name: sqlite3_column_int64
       67    _sqlite3_column_int64_interop@12
       68    _sqlite3_column_name
               exported name: sqlite3_column_name
       69    _sqlite3_column_name16
               exported name: sqlite3_column_name16
       70    _sqlite3_column_name16_interop@12
       71    _sqlite3_column_name_interop@12
       72    _sqlite3_column_origin_name
               exported name: sqlite3_column_origin_name
       73    _sqlite3_column_origin_name16
               exported name: sqlite3_column_origin_name16
       74    _sqlite3_column_origin_name16_interop@12
       75    _sqlite3_column_origin_name_interop@12
       76    _sqlite3_column_table_name
               exported name: sqlite3_column_table_name
       77    _sqlite3_column_table_name16
               exported name: sqlite3_column_table_name16
       78    _sqlite3_column_table_name16_interop@12
       79    _sqlite3_column_table_name_interop@12
       80    _sqlite3_column_text
               exported name: sqlite3_column_text
       81    _sqlite3_column_text16
               exported name: sqlite3_column_text16
       82    _sqlite3_column_text16_interop@12
       83    _sqlite3_column_text_interop@12
       84    _sqlite3_column_type
               exported name: sqlite3_column_type
       85    _sqlite3_column_value
               exported name: sqlite3_column_value
       86    _sqlite3_commit_hook
               exported name: sqlite3_commit_hook
       87    _sqlite3_compileoption_get
               exported name: sqlite3_compileoption_get
       88    _sqlite3_compileoption_used
               exported name: sqlite3_compileoption_used
       89    _sqlite3_complete
               exported name: sqlite3_complete
       90    _sqlite3_complete16
               exported name: sqlite3_complete16
       91    _sqlite3_config
               exported name: sqlite3_config
       92    _sqlite3_context_collcompare_interop@20
       93    _sqlite3_context_collseq_interop@16
       94    _sqlite3_context_db_handle
               exported name: sqlite3_context_db_handle
       95    _sqlite3_create_collation
               exported name: sqlite3_create_collation
       96    _sqlite3_create_collation16
               exported name: sqlite3_create_collation16
       97    _sqlite3_create_collation_v2
               exported name: sqlite3_create_collation_v2
       98    _sqlite3_create_disposable_module
               exported name: sqlite3_create_disposable_module
       99    _sqlite3_create_disposable_module_interop@112
      100    _sqlite3_create_function
               exported name: sqlite3_create_function
      101    _sqlite3_create_function16
               exported name: sqlite3_create_function16
      102    _sqlite3_create_function_interop@36
      103    _sqlite3_create_function_v2
               exported name: sqlite3_create_function_v2
      104    _sqlite3_create_module
               exported name: sqlite3_create_module
      105    _sqlite3_create_module_v2
               exported name: sqlite3_create_module_v2
      106    _sqlite3_cursor_rowid_interop@12
      107    _sqlite3_data_count
               exported name: sqlite3_data_count
      108    _sqlite3_data_directory
               exported name: sqlite3_data_directory
      109    _sqlite3_db_cacheflush
               exported name: sqlite3_db_cacheflush
      110    _sqlite3_db_config
               exported name: sqlite3_db_config
      111    _sqlite3_db_filename
               exported name: sqlite3_db_filename
      112    _sqlite3_db_handle
               exported name: sqlite3_db_handle
      113    _sqlite3_db_mutex
               exported name: sqlite3_db_mutex
      114    _sqlite3_db_readonly
               exported name: sqlite3_db_readonly
      115    _sqlite3_db_release_memory
               exported name: sqlite3_db_release_memory
      116    _sqlite3_db_status
               exported name: sqlite3_db_status
      117    _sqlite3_declare_vtab
               exported name: sqlite3_declare_vtab
      118    _sqlite3_dispose_module
               exported name: sqlite3_dispose_module
      119    _sqlite3_enable_load_extension
               exported name: sqlite3_enable_load_extension
      120    _sqlite3_enable_shared_cache
               exported name: sqlite3_enable_shared_cache
      121    _sqlite3_errcode
               exported name: sqlite3_errcode
      122    _sqlite3_errmsg
               exported name: sqlite3_errmsg
      123    _sqlite3_errmsg16
               exported name: sqlite3_errmsg16
      124    _sqlite3_errmsg_interop@8
      125    _sqlite3_errstr
               exported name: sqlite3_errstr
      126    _sqlite3_exec
               exported name: sqlite3_exec
      127    _sqlite3_expanded_sql
               exported name: sqlite3_expanded_sql
      128    _sqlite3_expired
               exported name: sqlite3_expired
      129    _sqlite3_extended_errcode
               exported name: sqlite3_extended_errcode
      130    _sqlite3_extended_result_codes
               exported name: sqlite3_extended_result_codes
      131    _sqlite3_file_control
               exported name: sqlite3_file_control
      132    _sqlite3_finalize
               exported name: sqlite3_finalize
      133    _sqlite3_finalize_interop@4
      134    _sqlite3_free
               exported name: sqlite3_free
      135    _sqlite3_free_table
               exported name: sqlite3_free_table
      136    _sqlite3_fts5_init
               exported name: sqlite3_fts5_init
      137    _sqlite3_fts_init
               exported name: sqlite3_fts_init
      138    _sqlite3_get_autocommit
               exported name: sqlite3_get_autocommit
      139    _sqlite3_get_auxdata
               exported name: sqlite3_get_auxdata
      140    _sqlite3_get_table
               exported name: sqlite3_get_table
      141    _sqlite3_global_recover
               exported name: sqlite3_global_recover
      142    _sqlite3_index_column_info_interop@32
      143    _sqlite3_initialize
               exported name: sqlite3_initialize
      144    _sqlite3_interrupt
               exported name: sqlite3_interrupt
      145    _sqlite3_json_init
               exported name: sqlite3_json_init
      146    _sqlite3_key
               exported name: sqlite3_key
      147    _sqlite3_key_v2
               exported name: sqlite3_key_v2
      148    _sqlite3_last_insert_rowid
               exported name: sqlite3_last_insert_rowid
      149    _sqlite3_last_insert_rowid_interop@8
      150    _sqlite3_libversion
               exported name: sqlite3_libversion
      151    _sqlite3_libversion_number
               exported name: sqlite3_libversion_number
      152    _sqlite3_limit
               exported name: sqlite3_limit
      153    _sqlite3_load_extension
               exported name: sqlite3_load_extension
      154    _sqlite3_log
               exported name: sqlite3_log
      155    _sqlite3_malloc
               exported name: sqlite3_malloc
      156    _sqlite3_malloc64
               exported name: sqlite3_malloc64
      157    _sqlite3_malloc_size_interop@4
      158    _sqlite3_memory_alarm
               exported name: sqlite3_memory_alarm
      159    _sqlite3_memory_highwater
               exported name: sqlite3_memory_highwater
      160    _sqlite3_memory_highwater_interop@8
      161    _sqlite3_memory_used
               exported name: sqlite3_memory_used
      162    _sqlite3_memory_used_interop@4
      163    _sqlite3_mprintf
               exported name: sqlite3_mprintf
      164    _sqlite3_msize
               exported name: sqlite3_msize
      165    _sqlite3_mutex_alloc
               exported name: sqlite3_mutex_alloc
      166    _sqlite3_mutex_enter
               exported name: sqlite3_mutex_enter
      167    _sqlite3_mutex_free
               exported name: sqlite3_mutex_free
      168    _sqlite3_mutex_leave
               exported name: sqlite3_mutex_leave
      169    _sqlite3_mutex_try
               exported name: sqlite3_mutex_try
      170    _sqlite3_next_stmt
               exported name: sqlite3_next_stmt
      171    _sqlite3_open
               exported name: sqlite3_open
      172    _sqlite3_open16
               exported name: sqlite3_open16
      173    _sqlite3_open16_interop@20
      174    _sqlite3_open_interop@20
      175    _sqlite3_open_v2
               exported name: sqlite3_open_v2
      176    _sqlite3_os_end
               exported name: sqlite3_os_end
      177    _sqlite3_os_init
               exported name: sqlite3_os_init
      178    _sqlite3_overload_function
               exported name: sqlite3_overload_function
      179    _sqlite3_percentile_init
               exported name: sqlite3_percentile_init
      180    _sqlite3_prepare
               exported name: sqlite3_prepare
      181    _sqlite3_prepare16
               exported name: sqlite3_prepare16
      182    _sqlite3_prepare16_interop@24
      183    _sqlite3_prepare16_v2
               exported name: sqlite3_prepare16_v2
      184    _sqlite3_prepare_interop@24
      185    _sqlite3_prepare_v2
               exported name: sqlite3_prepare_v2
      186    _sqlite3_profile
               exported name: sqlite3_profile
      187    _sqlite3_progress_handler
               exported name: sqlite3_progress_handler
      188    _sqlite3_randomness
               exported name: sqlite3_randomness
      189    _sqlite3_realloc
               exported name: sqlite3_realloc
      190    _sqlite3_realloc64
               exported name: sqlite3_realloc64
      191    _sqlite3_regexp_init
               exported name: sqlite3_regexp_init
      192    _sqlite3_rekey
               exported name: sqlite3_rekey
      193    _sqlite3_rekey_v2
               exported name: sqlite3_rekey_v2
      194    _sqlite3_release_memory
               exported name: sqlite3_release_memory
      195    _sqlite3_reset
               exported name: sqlite3_reset
      196    _sqlite3_reset_auto_extension
               exported name: sqlite3_reset_auto_extension
      197    _sqlite3_reset_interop@4
      198    _sqlite3_result_blob
               exported name: sqlite3_result_blob
      199    _sqlite3_result_blob64
               exported name: sqlite3_result_blob64
      200    _sqlite3_result_double
               exported name: sqlite3_result_double
      201    _sqlite3_result_double_interop@8
      202    _sqlite3_result_error
               exported name: sqlite3_result_error
      203    _sqlite3_result_error16
               exported name: sqlite3_result_error16
      204    _sqlite3_result_error_code
               exported name: sqlite3_result_error_code
      205    _sqlite3_result_error_nomem
               exported name: sqlite3_result_error_nomem
      206    _sqlite3_result_error_toobig
               exported name: sqlite3_result_error_toobig
      207    _sqlite3_result_int
               exported name: sqlite3_result_int
      208    _sqlite3_result_int64
               exported name: sqlite3_result_int64
      209    _sqlite3_result_int64_interop@8
      210    _sqlite3_result_null
               exported name: sqlite3_result_null
      211    _sqlite3_result_subtype
               exported name: sqlite3_result_subtype
      212    _sqlite3_result_text
               exported name: sqlite3_result_text
      213    _sqlite3_result_text16
               exported name: sqlite3_result_text16
      214    _sqlite3_result_text16be
               exported name: sqlite3_result_text16be
      215    _sqlite3_result_text16le
               exported name: sqlite3_result_text16le
      216    _sqlite3_result_text64
               exported name: sqlite3_result_text64
      217    _sqlite3_result_value
               exported name: sqlite3_result_value
      218    _sqlite3_result_zeroblob
               exported name: sqlite3_result_zeroblob
      219    _sqlite3_result_zeroblob64
               exported name: sqlite3_result_zeroblob64
      220    _sqlite3_rollback_hook
               exported name: sqlite3_rollback_hook
      221    _sqlite3_rtree_geometry_callback
               exported name: sqlite3_rtree_geometry_callback
      222    _sqlite3_rtree_query_callback
               exported name: sqlite3_rtree_query_callback
      223    _sqlite3_set_authorizer
               exported name: sqlite3_set_authorizer
      224    _sqlite3_set_auxdata
               exported name: sqlite3_set_auxdata
      225    _sqlite3_shutdown
               exported name: sqlite3_shutdown
      226    _sqlite3_sleep
               exported name: sqlite3_sleep
      227    _sqlite3_snprintf
               exported name: sqlite3_snprintf
      228    _sqlite3_soft_heap_limit
               exported name: sqlite3_soft_heap_limit
      229    _sqlite3_soft_heap_limit64
               exported name: sqlite3_soft_heap_limit64
      230    _sqlite3_sourceid
               exported name: sqlite3_sourceid
      231    _sqlite3_sql
               exported name: sqlite3_sql
      232    _sqlite3_status
               exported name: sqlite3_status
      233    _sqlite3_status64
               exported name: sqlite3_status64
      234    _sqlite3_step
               exported name: sqlite3_step
      235    _sqlite3_stmt_busy
               exported name: sqlite3_stmt_busy
      236    _sqlite3_stmt_readonly
               exported name: sqlite3_stmt_readonly
      237    _sqlite3_stmt_status
               exported name: sqlite3_stmt_status
      238    _sqlite3_strglob
               exported name: sqlite3_strglob
      239    _sqlite3_stricmp
               exported name: sqlite3_stricmp
      240    _sqlite3_strlike
               exported name: sqlite3_strlike
      241    _sqlite3_strnicmp
               exported name: sqlite3_strnicmp
      242    _sqlite3_system_errno
               exported name: sqlite3_system_errno
      243    _sqlite3_table_column_metadata
               exported name: sqlite3_table_column_metadata
      244    _sqlite3_table_column_metadata_interop@44
      245    _sqlite3_table_cursor_interop@12
      246    _sqlite3_temp_directory
               exported name: sqlite3_temp_directory
      247    _sqlite3_test_control
               exported name: sqlite3_test_control
      248    _sqlite3_thread_cleanup
               exported name: sqlite3_thread_cleanup
      249    _sqlite3_threadsafe
               exported name: sqlite3_threadsafe
      250    _sqlite3_total_changes
               exported name: sqlite3_total_changes
      251    _sqlite3_totype_init
               exported name: sqlite3_totype_init
      252    _sqlite3_trace
               exported name: sqlite3_trace
      253    _sqlite3_trace_v2
               exported name: sqlite3_trace_v2
      254    _sqlite3_transfer_bindings
               exported name: sqlite3_transfer_bindings
      255    _sqlite3_update_hook
               exported name: sqlite3_update_hook
      256    _sqlite3_uri_boolean
               exported name: sqlite3_uri_boolean
      257    _sqlite3_uri_int64
               exported name: sqlite3_uri_int64
      258    _sqlite3_uri_parameter
               exported name: sqlite3_uri_parameter
      259    _sqlite3_user_data
               exported name: sqlite3_user_data
      260    _sqlite3_value_blob
               exported name: sqlite3_value_blob
      261    _sqlite3_value_bytes
               exported name: sqlite3_value_bytes
      262    _sqlite3_value_bytes16
               exported name: sqlite3_value_bytes16
      263    _sqlite3_value_double
               exported name: sqlite3_value_double
      264    _sqlite3_value_double_interop@8
      265    _sqlite3_value_dup
               exported name: sqlite3_value_dup
      266    _sqlite3_value_free
               exported name: sqlite3_value_free
      267    _sqlite3_value_int
               exported name: sqlite3_value_int
      268    _sqlite3_value_int64
               exported name: sqlite3_value_int64
      269    _sqlite3_value_int64_interop@8
      270    _sqlite3_value_numeric_type
               exported name: sqlite3_value_numeric_type
      271    _sqlite3_value_subtype
               exported name: sqlite3_value_subtype
      272    _sqlite3_value_text
               exported name: sqlite3_value_text
      273    _sqlite3_value_text16
               exported name: sqlite3_value_text16
      274    _sqlite3_value_text16_interop@8
      275    _sqlite3_value_text16be
               exported name: sqlite3_value_text16be
      276    _sqlite3_value_text16le
               exported name: sqlite3_value_text16le
      277    _sqlite3_value_text_interop@8
      278    _sqlite3_value_type
               exported name: sqlite3_value_type
      279    _sqlite3_version
               exported name: sqlite3_version
      280    _sqlite3_vfs_find
               exported name: sqlite3_vfs_find
      281    _sqlite3_vfs_register
               exported name: sqlite3_vfs_register
      282    _sqlite3_vfs_unregister
               exported name: sqlite3_vfs_unregister
      283    _sqlite3_vmprintf
               exported name: sqlite3_vmprintf
      284    _sqlite3_vsnprintf
               exported name: sqlite3_vsnprintf
      285    _sqlite3_vtab_config
               exported name: sqlite3_vtab_config
      286    _sqlite3_vtab_on_conflict
               exported name: sqlite3_vtab_on_conflict
      287    _sqlite3_vtshim_init
               exported name: sqlite3_vtshim_init
      288    _sqlite3_wal_autocheckpoint
               exported name: sqlite3_wal_autocheckpoint
      289    _sqlite3_wal_checkpoint
               exported name: sqlite3_wal_checkpoint
      290    _sqlite3_wal_checkpoint_v2
               exported name: sqlite3_wal_checkpoint_v2
      291    _sqlite3_wal_hook
               exported name: sqlite3_wal_hook
      292    _sqlite3_win32_compact_heap
               exported name: sqlite3_win32_compact_heap
      293    _sqlite3_win32_is_nt
               exported name: sqlite3_win32_is_nt
      294    _sqlite3_win32_mbcs_to_utf8
               exported name: sqlite3_win32_mbcs_to_utf8
      295    _sqlite3_win32_mbcs_to_utf8_v2
               exported name: sqlite3_win32_mbcs_to_utf8_v2
      296    _sqlite3_win32_reset_heap
               exported name: sqlite3_win32_reset_heap
      297    _sqlite3_win32_set_directory
               exported name: sqlite3_win32_set_directory
      298    _sqlite3_win32_sleep
               exported name: sqlite3_win32_sleep
      299    _sqlite3_win32_unicode_to_utf8
               exported name: sqlite3_win32_unicode_to_utf8
      300    _sqlite3_win32_utf8_to_mbcs
               exported name: sqlite3_win32_utf8_to_mbcs
      301    _sqlite3_win32_utf8_to_mbcs_v2
               exported name: sqlite3_win32_utf8_to_mbcs_v2
      302    _sqlite3_win32_utf8_to_unicode
               exported name: sqlite3_win32_utf8_to_unicode
      303    _sqlite3_win32_write_debug
               exported name: sqlite3_win32_write_debug
